---
http_interactions:
- request:
    method: get
    uri: https://api.stripe.com/v1/customers/non_existing_customer_id
    body:
      encoding: US-ASCII
      string: ''
    headers:
      User-Agent:
      - Stripe/v1 RubyBindings/13.5.1
      Authorization:
      - "<HIDDEN-AUTHORIZATION-HEADER>"
      X-Stripe-Client-Telemetry:
      - '{"last_request_metrics":{"request_id":"req_1RsZjka6QFaNFz","request_duration_ms":2250}}'
      Stripe-Version:
      - 2025-02-24.acacia
      X-Stripe-Client-User-Agent:
      - "<HIDDEN-STRIPE-USER-AGENT>"
      Accept-Encoding:
      - gzip;q=1.0,deflate;q=0.6,identity;q=0.3
      Accept:
      - "*/*"
  response:
    status:
      code: 404
      message: Not Found
    headers:
      Server:
      - nginx
      Date:
      - Thu, 06 Nov 2025 17:28:04 GMT
      Content-Type:
      - application/json
      Content-Length:
      - '339'
      Connection:
      - keep-alive
      Access-Control-Allow-Credentials:
      - 'true'
      Access-Control-Allow-Methods:
      - GET, HEAD, PUT, PATCH, POST, DELETE
      Access-Control-Allow-Origin:
      - "*"
      Access-Control-Expose-Headers:
      - Request-Id, Stripe-Manage-Version, Stripe-Should-Retry, X-Stripe-External-Auth-Required,
        X-Stripe-Privileged-Session-Required
      Access-Control-Max-Age:
      - '300'
      Cache-Control:
      - no-cache, no-store
      Content-Security-Policy:
      - base-uri 'none'; default-src 'none'; form-action 'none'; frame-ancestors 'none';
        img-src 'self'; script-src 'self' 'report-sample'; style-src 'self'; worker-src
        'none'; upgrade-insecure-requests; report-uri https://q.stripe.com/csp-violation?q=xsu1z93yii5Y95tC8R6Z1HrnBYqlYAiexaLOSzelBoBfkGI_qYp84hq4D4rAFyZr5m_6yUH8auNG5IAv
      Request-Id:
      - req_yB2LSIKpr5up0X
      Stripe-Version:
      - 2025-02-24.acacia
      Vary:
      - Origin
      X-Stripe-Priority-Routing-Enabled:
      - 'true'
      X-Stripe-Routing-Context-Priority-Tier:
      - api-testmode
      X-Wc:
      - ABGHIJ
      Strict-Transport-Security:
      - max-age=63072000; includeSubDomains; preload
    body:
      encoding: UTF-8
      string: |
        {
          "error": {
            "code": "resource_missing",
            "doc_url": "https://stripe.com/docs/error-codes/resource-missing",
            "message": "No such customer: 'non_existing_customer_id'",
            "param": "id",
            "request_log_url": "https://dashboard.stripe.com/test/logs/req_yB2LSIKpr5up0X?t=1762450084",
            "type": "invalid_request_error"
          }
        }
  recorded_at: Thu, 06 Nov 2025 17:28:04 GMT
- request:
    method: post
    uri: https://api.stripe.com/v1/accounts
    body:
      encoding: UTF-8
      string: type=standard&country=AU&email=apple.producer%40example.com
    headers:
      User-Agent:
      - Stripe/v1 RubyBindings/13.5.1
      Authorization:
      - "<HIDDEN-AUTHORIZATION-HEADER>"
      Idempotency-Key:
      - ba438468-262e-48b8-8df4-883e47bc9964
      Stripe-Version:
      - 2025-02-24.acacia
      X-Stripe-Client-User-Agent:
      - "<HIDDEN-STRIPE-USER-AGENT>"
      Content-Type:
      - application/x-www-form-urlencoded
      Accept-Encoding:
      - gzip;q=1.0,deflate;q=0.6,identity;q=0.3
      Accept:
      - "*/*"
  response:
    status:
      code: 200
      message: OK
    headers:
      Server:
      - nginx
      Date:
      - Thu, 06 Nov 2025 17:28:06 GMT
      Content-Type:
      - application/json
      Content-Length:
      - '3527'
      Connection:
      - keep-alive
      Access-Control-Allow-Credentials:
      - 'true'
      Access-Control-Allow-Methods:
      - GET, HEAD, PUT, PATCH, POST, DELETE
      Access-Control-Allow-Origin:
      - "*"
      Access-Control-Expose-Headers:
      - Request-Id, Stripe-Manage-Version, Stripe-Should-Retry, X-Stripe-External-Auth-Required,
        X-Stripe-Privileged-Session-Required
      Access-Control-Max-Age:
      - '300'
      Cache-Control:
      - no-cache, no-store
      Content-Security-Policy:
      - base-uri 'none'; default-src 'none'; form-action 'none'; frame-ancestors 'none';
        img-src 'self'; script-src 'self' 'report-sample'; style-src 'self'; worker-src
        'none'; upgrade-insecure-requests; report-uri https://q.stripe.com/csp-violation?q=xsu1z93yii5Y95tC8R6Z1HrnBYqlYAiexaLOSzelBoBfkGI_qYp84hq4D4rAFyZr5m_6yUH8auNG5IAv
      Idempotency-Key:
      - ba438468-262e-48b8-8df4-883e47bc9964
      Original-Request:
      - req_PsU9iKDhSY2G0b
      Request-Id:
      - req_PsU9iKDhSY2G0b
      Stripe-Should-Retry:
      - 'false'
      Stripe-Version:
      - 2025-02-24.acacia
      Vary:
      - Origin
      X-Stripe-Priority-Routing-Enabled:
      - 'true'
      X-Stripe-Routing-Context-Priority-Tier:
      - api-testmode
      X-Wc:
      - ABGHIJ
      Strict-Transport-Security:
      - max-age=63072000; includeSubDomains; preload
    body:
      encoding: UTF-8
      string: |-
        {
          "id": "acct_1SQWyeEJSKGySE54",
          "object": "account",
          "business_profile": {
            "annual_revenue": null,
            "estimated_worker_count": null,
            "mcc": null,
            "minority_owned_business_designation": null,
            "name": null,
            "product_description": null,
            "specified_commercial_transactions_act_url": null,
            "support_address": null,
            "support_email": null,
            "support_phone": null,
            "support_url": null,
            "url": null
          },
          "business_type": null,
          "capabilities": {},
          "charges_enabled": false,
          "controller": {
            "fees": {
              "payer": "account"
            },
            "is_controller": true,
            "losses": {
              "payments": "stripe"
            },
            "requirement_collection": "stripe",
            "stripe_dashboard": {
              "type": "full"
            },
            "type": "application"
          },
          "country": "AU",
          "created": 1762450085,
          "default_currency": "aud",
          "details_submitted": false,
          "email": "apple.producer@example.com",
          "external_accounts": {
            "object": "list",
            "data": [],
            "has_more": false,
            "total_count": 0,
            "url": "/v1/accounts/acct_1SQWyeEJSKGySE54/external_accounts"
          },
          "future_requirements": {
            "alternatives": [],
            "current_deadline": null,
            "currently_due": [],
            "disabled_reason": null,
            "errors": [],
            "eventually_due": [],
            "past_due": [],
            "pending_verification": []
          },
          "metadata": {},
          "payouts_enabled": false,
          "requirements": {
            "alternatives": [],
            "current_deadline": null,
            "currently_due": [
              "business_profile.product_description",
              "business_profile.support_phone",
              "business_profile.url",
              "external_account",
              "tos_acceptance.date",
              "tos_acceptance.ip"
            ],
            "disabled_reason": "requirements.past_due",
            "errors": [],
            "eventually_due": [
              "business_profile.product_description",
              "business_profile.support_phone",
              "business_profile.url",
              "external_account",
              "tos_acceptance.date",
              "tos_acceptance.ip"
            ],
            "past_due": [
              "business_profile.product_description",
              "business_profile.support_phone",
              "business_profile.url",
              "external_account",
              "tos_acceptance.date",
              "tos_acceptance.ip"
            ],
            "pending_verification": []
          },
          "settings": {
            "bacs_debit_payments": {
              "display_name": null,
              "service_user_number": null
            },
            "branding": {
              "icon": null,
              "logo": null,
              "primary_color": null,
              "secondary_color": null
            },
            "card_issuing": {
              "tos_acceptance": {
                "date": null,
                "ip": null
              }
            },
            "card_payments": {
              "decline_on": {
                "avs_failure": false,
                "cvc_failure": false
              },
              "statement_descriptor_prefix": null,
              "statement_descriptor_prefix_kana": null,
              "statement_descriptor_prefix_kanji": null
            },
            "dashboard": {
              "display_name": null,
              "timezone": "Etc/UTC"
            },
            "invoices": {
              "default_account_tax_ids": null,
              "hosted_payment_method_save": "offer"
            },
            "payments": {
              "statement_descriptor": null,
              "statement_descriptor_kana": null,
              "statement_descriptor_kanji": null
            },
            "payouts": {
              "debit_negative_balances": true,
              "schedule": {
                "delay_days": 2,
                "interval": "daily"
              },
              "statement_descriptor": null
            },
            "paypay_payments": {},
            "sepa_debit_payments": {}
          },
          "tos_acceptance": {
            "date": null,
            "ip": null,
            "user_agent": null
          },
          "type": "standard"
        }
  recorded_at: Thu, 06 Nov 2025 17:28:06 GMT
- request:
    method: delete
    uri: https://api.stripe.com/v1/accounts/acct_1SQWyeEJSKGySE54
    body:
      encoding: US-ASCII
      string: ''
    headers:
      User-Agent:
      - Stripe/v1 RubyBindings/13.5.1
      Authorization:
      - "<HIDDEN-AUTHORIZATION-HEADER>"
      X-Stripe-Client-Telemetry:
      - '{"last_request_metrics":{"request_id":"req_PsU9iKDhSY2G0b","request_duration_ms":2253}}'
      Idempotency-Key:
      - 365b5b53-ccab-41ae-8fb3-34e4af4e2abc
      Stripe-Version:
      - 2025-02-24.acacia
      X-Stripe-Client-User-Agent:
      - "<HIDDEN-STRIPE-USER-AGENT>"
      Accept-Encoding:
      - gzip;q=1.0,deflate;q=0.6,identity;q=0.3
      Accept:
      - "*/*"
  response:
    status:
      code: 200
      message: OK
    headers:
      Server:
      - nginx
      Date:
      - Thu, 06 Nov 2025 17:28:08 GMT
      Content-Type:
      - application/json
      Content-Length:
      - '77'
      Connection:
      - keep-alive
      Access-Control-Allow-Credentials:
      - 'true'
      Access-Control-Allow-Methods:
      - GET, HEAD, PUT, PATCH, POST, DELETE
      Access-Control-Allow-Origin:
      - "*"
      Access-Control-Expose-Headers:
      - Request-Id, Stripe-Manage-Version, Stripe-Should-Retry, X-Stripe-External-Auth-Required,
        X-Stripe-Privileged-Session-Required
      Access-Control-Max-Age:
      - '300'
      Cache-Control:
      - no-cache, no-store
      Content-Security-Policy:
      - base-uri 'none'; default-src 'none'; form-action 'none'; frame-ancestors 'none';
        img-src 'self'; script-src 'self' 'report-sample'; style-src 'self'; worker-src
        'none'; upgrade-insecure-requests; report-uri https://q.stripe.com/csp-violation?q=xsu1z93yii5Y95tC8R6Z1HrnBYqlYAiexaLOSzelBoBfkGI_qYp84hq4D4rAFyZr5m_6yUH8auNG5IAv
      Idempotency-Key:
      - 365b5b53-ccab-41ae-8fb3-34e4af4e2abc
      Request-Id:
      - req_d4CECr0bxi2axe
      Stripe-Account:
      - acct_1SQWyeEJSKGySE54
      Stripe-Version:
      - 2025-02-24.acacia
      Vary:
      - Origin
      X-Stripe-Priority-Routing-Enabled:
      - 'true'
      X-Stripe-Routing-Context-Priority-Tier:
      - api-testmode
      X-Wc:
      - ABGHIJ
      Strict-Transport-Security:
      - max-age=63072000; includeSubDomains; preload
    body:
      encoding: UTF-8
      string: |-
        {
          "id": "acct_1SQWyeEJSKGySE54",
          "object": "account",
          "deleted": true
        }
  recorded_at: Thu, 06 Nov 2025 17:28:08 GMT
recorded_with: VCR 6.2.0
