---
http_interactions:
- request:
    method: post
    uri: https://api.stripe.com/v1/payment_intents
    body:
      encoding: UTF-8
      string: amount=100&currency=eur&payment_method=pm_card_mastercard&payment_method_types[0]=card&capture_method=manual
    headers:
      User-Agent:
      - Stripe/v1 RubyBindings/15.5.0
      Authorization:
      - "<HIDDEN-AUTHORIZATION-HEADER>"
      X-Stripe-Client-Telemetry:
      - '{"last_request_metrics":{"request_id":"req_YOt4ZPkt8n0CtT","request_duration_ms":319}}'
      Idempotency-Key:
      - b4ae25b3-f88b-4152-bd5f-f0a14167534e
      Stripe-Version:
      - 2025-08-27.basil
      X-Stripe-Client-User-Agent:
      - "<HIDDEN-STRIPE-USER-AGENT>"
      Content-Type:
      - application/x-www-form-urlencoded
      Accept-Encoding:
      - gzip;q=1.0,deflate;q=0.6,identity;q=0.3
      Accept:
      - "*/*"
  response:
    status:
      code: 200
      message: OK
    headers:
      Server:
      - nginx
      Date:
      - Wed, 10 Dec 2025 04:59:28 GMT
      Content-Type:
      - application/json
      Content-Length:
      - '1393'
      Connection:
      - keep-alive
      Access-Control-Allow-Credentials:
      - 'true'
      Access-Control-Allow-Methods:
      - GET, HEAD, PUT, PATCH, POST, DELETE
      Access-Control-Allow-Origin:
      - "*"
      Access-Control-Expose-Headers:
      - Request-Id, Stripe-Manage-Version, Stripe-Should-Retry, X-Stripe-External-Auth-Required,
        X-Stripe-Privileged-Session-Required
      Access-Control-Max-Age:
      - '300'
      Cache-Control:
      - no-cache, no-store
      Content-Security-Policy:
      - base-uri 'none'; default-src 'none'; form-action 'none'; frame-ancestors 'none';
        img-src 'self'; script-src 'self' 'report-sample'; style-src 'self'; worker-src
        'none'; upgrade-insecure-requests; report-uri https://q.stripe.com/csp-violation?q=vn-kdYNC1s3hDiXRhhwC1XR0hBLmLcsdIMCRlo13rosJ4C3caLqD_POExMdYc1IhbElyv04kp1IcvLWm
      Idempotency-Key:
      - b4ae25b3-f88b-4152-bd5f-f0a14167534e
      Original-Request:
      - req_QGRFdYT6rYijR6
      Request-Id:
      - req_QGRFdYT6rYijR6
      Stripe-Should-Retry:
      - 'false'
      Stripe-Version:
      - 2025-08-27.basil
      Vary:
      - Origin
      X-Stripe-Priority-Routing-Enabled:
      - 'true'
      X-Stripe-Routing-Context-Priority-Tier:
      - api-testmode
      X-Wc:
      - ABGHIJ
      Strict-Transport-Security:
      - max-age=63072000; includeSubDomains; preload
    body:
      encoding: UTF-8
      string: |-
        {
          "id": "pi_3ScfUpKuuB1fWySn0SzREmQw",
          "object": "payment_intent",
          "amount": 100,
          "amount_capturable": 0,
          "amount_details": {
            "tip": {}
          },
          "amount_received": 0,
          "application": null,
          "application_fee_amount": null,
          "automatic_payment_methods": null,
          "canceled_at": null,
          "cancellation_reason": null,
          "capture_method": "manual",
          "client_secret": "<HIDDEN-CLIENT-SECRET>",
          "confirmation_method": "automatic",
          "created": 1765342767,
          "currency": "eur",
          "customer": null,
          "customer_account": null,
          "description": null,
          "excluded_payment_method_types": null,
          "last_payment_error": null,
          "latest_charge": null,
          "livemode": false,
          "metadata": {},
          "next_action": null,
          "on_behalf_of": null,
          "payment_method": "pm_1ScfUpKuuB1fWySnhi6md5zW",
          "payment_method_configuration_details": null,
          "payment_method_options": {
            "card": {
              "installments": null,
              "mandate_options": null,
              "network": null,
              "request_three_d_secure": "automatic"
            }
          },
          "payment_method_types": [
            "card"
          ],
          "processing": null,
          "receipt_email": null,
          "review": null,
          "setup_future_usage": null,
          "shipping": null,
          "source": null,
          "statement_descriptor": null,
          "statement_descriptor_suffix": null,
          "status": "requires_confirmation",
          "transfer_data": null,
          "transfer_group": null
        }
  recorded_at: Wed, 10 Dec 2025 04:59:58 GMT
- request:
    method: post
    uri: https://api.stripe.com/v1/payment_intents/pi_3ScfUpKuuB1fWySn0SzREmQw/confirm
    body:
      encoding: US-ASCII
      string: ''
    headers:
      User-Agent:
      - Stripe/v1 RubyBindings/15.5.0
      Authorization:
      - "<HIDDEN-AUTHORIZATION-HEADER>"
      X-Stripe-Client-Telemetry:
      - '{"last_request_metrics":{"request_id":"req_QGRFdYT6rYijR6","request_duration_ms":408}}'
      Idempotency-Key:
      - e0199cb3-d891-46c6-9fc8-b125638bcb2f
      Stripe-Version:
      - 2025-08-27.basil
      X-Stripe-Client-User-Agent:
      - "<HIDDEN-STRIPE-USER-AGENT>"
      Content-Type:
      - application/x-www-form-urlencoded
      Accept-Encoding:
      - gzip;q=1.0,deflate;q=0.6,identity;q=0.3
      Accept:
      - "*/*"
  response:
    status:
      code: 200
      message: OK
    headers:
      Server:
      - nginx
      Date:
      - Wed, 10 Dec 2025 04:59:28 GMT
      Content-Type:
      - application/json
      Content-Length:
      - '1415'
      Connection:
      - keep-alive
      Access-Control-Allow-Credentials:
      - 'true'
      Access-Control-Allow-Methods:
      - GET, HEAD, PUT, PATCH, POST, DELETE
      Access-Control-Allow-Origin:
      - "*"
      Access-Control-Expose-Headers:
      - Request-Id, Stripe-Manage-Version, Stripe-Should-Retry, X-Stripe-External-Auth-Required,
        X-Stripe-Privileged-Session-Required
      Access-Control-Max-Age:
      - '300'
      Cache-Control:
      - no-cache, no-store
      Content-Security-Policy:
      - base-uri 'none'; default-src 'none'; form-action 'none'; frame-ancestors 'none';
        img-src 'self'; script-src 'self' 'report-sample'; style-src 'self'; worker-src
        'none'; upgrade-insecure-requests; report-uri https://q.stripe.com/csp-violation?q=vn-kdYNC1s3hDiXRhhwC1XR0hBLmLcsdIMCRlo13rosJ4C3caLqD_POExMdYc1IhbElyv04kp1IcvLWm
      Idempotency-Key:
      - e0199cb3-d891-46c6-9fc8-b125638bcb2f
      Original-Request:
      - req_kJoJp679voZqEg
      Request-Id:
      - req_kJoJp679voZqEg
      Stripe-Should-Retry:
      - 'false'
      Stripe-Version:
      - 2025-08-27.basil
      Vary:
      - Origin
      X-Stripe-Priority-Routing-Enabled:
      - 'true'
      X-Stripe-Routing-Context-Priority-Tier:
      - api-testmode
      X-Wc:
      - ABGHIJ
      Strict-Transport-Security:
      - max-age=63072000; includeSubDomains; preload
    body:
      encoding: UTF-8
      string: |-
        {
          "id": "pi_3ScfUpKuuB1fWySn0SzREmQw",
          "object": "payment_intent",
          "amount": 100,
          "amount_capturable": 100,
          "amount_details": {
            "tip": {}
          },
          "amount_received": 0,
          "application": null,
          "application_fee_amount": null,
          "automatic_payment_methods": null,
          "canceled_at": null,
          "cancellation_reason": null,
          "capture_method": "manual",
          "client_secret": "<HIDDEN-CLIENT-SECRET>",
          "confirmation_method": "automatic",
          "created": 1765342767,
          "currency": "eur",
          "customer": null,
          "customer_account": null,
          "description": null,
          "excluded_payment_method_types": null,
          "last_payment_error": null,
          "latest_charge": "ch_3ScfUpKuuB1fWySn0Oczg8zk",
          "livemode": false,
          "metadata": {},
          "next_action": null,
          "on_behalf_of": null,
          "payment_method": "pm_1ScfUpKuuB1fWySnhi6md5zW",
          "payment_method_configuration_details": null,
          "payment_method_options": {
            "card": {
              "installments": null,
              "mandate_options": null,
              "network": null,
              "request_three_d_secure": "automatic"
            }
          },
          "payment_method_types": [
            "card"
          ],
          "processing": null,
          "receipt_email": null,
          "review": null,
          "setup_future_usage": null,
          "shipping": null,
          "source": null,
          "statement_descriptor": null,
          "statement_descriptor_suffix": null,
          "status": "requires_capture",
          "transfer_data": null,
          "transfer_group": null
        }
  recorded_at: Wed, 10 Dec 2025 04:59:59 GMT
- request:
    method: get
    uri: https://api.stripe.com/v1/payment_intents/pi_3ScfUpKuuB1fWySn0SzREmQw
    body:
      encoding: US-ASCII
      string: ''
    headers:
      User-Agent:
      - Stripe/v1 RubyBindings/15.5.0
      Authorization:
      - "<HIDDEN-AUTHORIZATION-HEADER>"
      X-Stripe-Client-Telemetry:
      - '{"last_request_metrics":{"request_id":"req_kJoJp679voZqEg","request_duration_ms":764}}'
      Stripe-Version:
      - 2025-08-27.basil
      X-Stripe-Client-User-Agent:
      - "<HIDDEN-STRIPE-USER-AGENT>"
      Accept-Encoding:
      - gzip;q=1.0,deflate;q=0.6,identity;q=0.3
      Accept:
      - "*/*"
  response:
    status:
      code: 200
      message: OK
    headers:
      Server:
      - nginx
      Date:
      - Wed, 10 Dec 2025 04:59:29 GMT
      Content-Type:
      - application/json
      Content-Length:
      - '1415'
      Connection:
      - keep-alive
      Access-Control-Allow-Credentials:
      - 'true'
      Access-Control-Allow-Methods:
      - GET, HEAD, PUT, PATCH, POST, DELETE
      Access-Control-Allow-Origin:
      - "*"
      Access-Control-Expose-Headers:
      - Request-Id, Stripe-Manage-Version, Stripe-Should-Retry, X-Stripe-External-Auth-Required,
        X-Stripe-Privileged-Session-Required
      Access-Control-Max-Age:
      - '300'
      Cache-Control:
      - no-cache, no-store
      Content-Security-Policy:
      - base-uri 'none'; default-src 'none'; form-action 'none'; frame-ancestors 'none';
        img-src 'self'; script-src 'self' 'report-sample'; style-src 'self'; worker-src
        'none'; upgrade-insecure-requests; report-uri https://q.stripe.com/csp-violation?q=vn-kdYNC1s3hDiXRhhwC1XR0hBLmLcsdIMCRlo13rosJ4C3caLqD_POExMdYc1IhbElyv04kp1IcvLWm
      Request-Id:
      - req_FWkU18g1iOWYCU
      Stripe-Version:
      - 2025-08-27.basil
      Vary:
      - Origin
      X-Stripe-Priority-Routing-Enabled:
      - 'true'
      X-Stripe-Routing-Context-Priority-Tier:
      - api-testmode
      X-Wc:
      - ABGHIJ
      Strict-Transport-Security:
      - max-age=63072000; includeSubDomains; preload
    body:
      encoding: UTF-8
      string: |-
        {
          "id": "pi_3ScfUpKuuB1fWySn0SzREmQw",
          "object": "payment_intent",
          "amount": 100,
          "amount_capturable": 100,
          "amount_details": {
            "tip": {}
          },
          "amount_received": 0,
          "application": null,
          "application_fee_amount": null,
          "automatic_payment_methods": null,
          "canceled_at": null,
          "cancellation_reason": null,
          "capture_method": "manual",
          "client_secret": "<HIDDEN-CLIENT-SECRET>",
          "confirmation_method": "automatic",
          "created": 1765342767,
          "currency": "eur",
          "customer": null,
          "customer_account": null,
          "description": null,
          "excluded_payment_method_types": null,
          "last_payment_error": null,
          "latest_charge": "ch_3ScfUpKuuB1fWySn0Oczg8zk",
          "livemode": false,
          "metadata": {},
          "next_action": null,
          "on_behalf_of": null,
          "payment_method": "pm_1ScfUpKuuB1fWySnhi6md5zW",
          "payment_method_configuration_details": null,
          "payment_method_options": {
            "card": {
              "installments": null,
              "mandate_options": null,
              "network": null,
              "request_three_d_secure": "automatic"
            }
          },
          "payment_method_types": [
            "card"
          ],
          "processing": null,
          "receipt_email": null,
          "review": null,
          "setup_future_usage": null,
          "shipping": null,
          "source": null,
          "statement_descriptor": null,
          "statement_descriptor_suffix": null,
          "status": "requires_capture",
          "transfer_data": null,
          "transfer_group": null
        }
  recorded_at: Wed, 10 Dec 2025 04:59:59 GMT
- request:
    method: post
    uri: https://api.stripe.com/v1/payment_intents/pi_3ScfUpKuuB1fWySn0SzREmQw/capture
    body:
      encoding: US-ASCII
      string: ''
    headers:
      User-Agent:
      - Stripe/v1 RubyBindings/15.5.0
      Authorization:
      - "<HIDDEN-AUTHORIZATION-HEADER>"
      X-Stripe-Client-Telemetry:
      - '{"last_request_metrics":{"request_id":"req_FWkU18g1iOWYCU","request_duration_ms":317}}'
      Idempotency-Key:
      - 64413d43-1851-40ef-bdce-4e1925f92781
      Stripe-Version:
      - 2025-08-27.basil
      X-Stripe-Client-User-Agent:
      - "<HIDDEN-STRIPE-USER-AGENT>"
      Content-Type:
      - application/x-www-form-urlencoded
      Accept-Encoding:
      - gzip;q=1.0,deflate;q=0.6,identity;q=0.3
      Accept:
      - "*/*"
  response:
    status:
      code: 200
      message: OK
    headers:
      Server:
      - nginx
      Date:
      - Wed, 10 Dec 2025 04:59:30 GMT
      Content-Type:
      - application/json
      Content-Length:
      - '1408'
      Connection:
      - keep-alive
      Access-Control-Allow-Credentials:
      - 'true'
      Access-Control-Allow-Methods:
      - GET, HEAD, PUT, PATCH, POST, DELETE
      Access-Control-Allow-Origin:
      - "*"
      Access-Control-Expose-Headers:
      - Request-Id, Stripe-Manage-Version, Stripe-Should-Retry, X-Stripe-External-Auth-Required,
        X-Stripe-Privileged-Session-Required
      Access-Control-Max-Age:
      - '300'
      Cache-Control:
      - no-cache, no-store
      Content-Security-Policy:
      - base-uri 'none'; default-src 'none'; form-action 'none'; frame-ancestors 'none';
        img-src 'self'; script-src 'self' 'report-sample'; style-src 'self'; worker-src
        'none'; upgrade-insecure-requests; report-uri https://q.stripe.com/csp-violation?q=vn-kdYNC1s3hDiXRhhwC1XR0hBLmLcsdIMCRlo13rosJ4C3caLqD_POExMdYc1IhbElyv04kp1IcvLWm
      Idempotency-Key:
      - 64413d43-1851-40ef-bdce-4e1925f92781
      Original-Request:
      - req_ZqBjZSSjeJ6vVz
      Request-Id:
      - req_ZqBjZSSjeJ6vVz
      Stripe-Should-Retry:
      - 'false'
      Stripe-Version:
      - 2025-08-27.basil
      Vary:
      - Origin
      X-Stripe-Priority-Routing-Enabled:
      - 'true'
      X-Stripe-Routing-Context-Priority-Tier:
      - api-testmode
      X-Wc:
      - ABGHIJ
      Strict-Transport-Security:
      - max-age=63072000; includeSubDomains; preload
    body:
      encoding: UTF-8
      string: |-
        {
          "id": "pi_3ScfUpKuuB1fWySn0SzREmQw",
          "object": "payment_intent",
          "amount": 100,
          "amount_capturable": 0,
          "amount_details": {
            "tip": {}
          },
          "amount_received": 100,
          "application": null,
          "application_fee_amount": null,
          "automatic_payment_methods": null,
          "canceled_at": null,
          "cancellation_reason": null,
          "capture_method": "manual",
          "client_secret": "<HIDDEN-CLIENT-SECRET>",
          "confirmation_method": "automatic",
          "created": 1765342767,
          "currency": "eur",
          "customer": null,
          "customer_account": null,
          "description": null,
          "excluded_payment_method_types": null,
          "last_payment_error": null,
          "latest_charge": "ch_3ScfUpKuuB1fWySn0Oczg8zk",
          "livemode": false,
          "metadata": {},
          "next_action": null,
          "on_behalf_of": null,
          "payment_method": "pm_1ScfUpKuuB1fWySnhi6md5zW",
          "payment_method_configuration_details": null,
          "payment_method_options": {
            "card": {
              "installments": null,
              "mandate_options": null,
              "network": null,
              "request_three_d_secure": "automatic"
            }
          },
          "payment_method_types": [
            "card"
          ],
          "processing": null,
          "receipt_email": null,
          "review": null,
          "setup_future_usage": null,
          "shipping": null,
          "source": null,
          "statement_descriptor": null,
          "statement_descriptor_suffix": null,
          "status": "succeeded",
          "transfer_data": null,
          "transfer_group": null
        }
  recorded_at: Wed, 10 Dec 2025 05:00:01 GMT
- request:
    method: get
    uri: https://api.stripe.com/v1/payment_intents/pi_3ScfUpKuuB1fWySn0SzREmQw
    body:
      encoding: US-ASCII
      string: ''
    headers:
      User-Agent:
      - Stripe/v1 RubyBindings/15.5.0
      Authorization:
      - "<HIDDEN-AUTHORIZATION-HEADER>"
      X-Stripe-Client-Telemetry:
      - '{"last_request_metrics":{"request_id":"req_ZqBjZSSjeJ6vVz","request_duration_ms":1280}}'
      Stripe-Version:
      - 2025-08-27.basil
      X-Stripe-Client-User-Agent:
      - "<HIDDEN-STRIPE-USER-AGENT>"
      Accept-Encoding:
      - gzip;q=1.0,deflate;q=0.6,identity;q=0.3
      Accept:
      - "*/*"
  response:
    status:
      code: 200
      message: OK
    headers:
      Server:
      - nginx
      Date:
      - Wed, 10 Dec 2025 04:59:30 GMT
      Content-Type:
      - application/json
      Content-Length:
      - '1408'
      Connection:
      - keep-alive
      Access-Control-Allow-Credentials:
      - 'true'
      Access-Control-Allow-Methods:
      - GET, HEAD, PUT, PATCH, POST, DELETE
      Access-Control-Allow-Origin:
      - "*"
      Access-Control-Expose-Headers:
      - Request-Id, Stripe-Manage-Version, Stripe-Should-Retry, X-Stripe-External-Auth-Required,
        X-Stripe-Privileged-Session-Required
      Access-Control-Max-Age:
      - '300'
      Cache-Control:
      - no-cache, no-store
      Content-Security-Policy:
      - base-uri 'none'; default-src 'none'; form-action 'none'; frame-ancestors 'none';
        img-src 'self'; script-src 'self' 'report-sample'; style-src 'self'; worker-src
        'none'; upgrade-insecure-requests; report-uri https://q.stripe.com/csp-violation?q=vn-kdYNC1s3hDiXRhhwC1XR0hBLmLcsdIMCRlo13rosJ4C3caLqD_POExMdYc1IhbElyv04kp1IcvLWm
      Request-Id:
      - req_sWAhPIVbpZyqjC
      Stripe-Version:
      - 2025-08-27.basil
      Vary:
      - Origin
      X-Stripe-Priority-Routing-Enabled:
      - 'true'
      X-Stripe-Routing-Context-Priority-Tier:
      - api-testmode
      X-Wc:
      - ABGHIJ
      Strict-Transport-Security:
      - max-age=63072000; includeSubDomains; preload
    body:
      encoding: UTF-8
      string: |-
        {
          "id": "pi_3ScfUpKuuB1fWySn0SzREmQw",
          "object": "payment_intent",
          "amount": 100,
          "amount_capturable": 0,
          "amount_details": {
            "tip": {}
          },
          "amount_received": 100,
          "application": null,
          "application_fee_amount": null,
          "automatic_payment_methods": null,
          "canceled_at": null,
          "cancellation_reason": null,
          "capture_method": "manual",
          "client_secret": "<HIDDEN-CLIENT-SECRET>",
          "confirmation_method": "automatic",
          "created": 1765342767,
          "currency": "eur",
          "customer": null,
          "customer_account": null,
          "description": null,
          "excluded_payment_method_types": null,
          "last_payment_error": null,
          "latest_charge": "ch_3ScfUpKuuB1fWySn0Oczg8zk",
          "livemode": false,
          "metadata": {},
          "next_action": null,
          "on_behalf_of": null,
          "payment_method": "pm_1ScfUpKuuB1fWySnhi6md5zW",
          "payment_method_configuration_details": null,
          "payment_method_options": {
            "card": {
              "installments": null,
              "mandate_options": null,
              "network": null,
              "request_three_d_secure": "automatic"
            }
          },
          "payment_method_types": [
            "card"
          ],
          "processing": null,
          "receipt_email": null,
          "review": null,
          "setup_future_usage": null,
          "shipping": null,
          "source": null,
          "statement_descriptor": null,
          "statement_descriptor_suffix": null,
          "status": "succeeded",
          "transfer_data": null,
          "transfer_group": null
        }
  recorded_at: Wed, 10 Dec 2025 05:00:01 GMT
recorded_with: VCR 6.2.0
