---
http_interactions:
- request:
    method: post
    uri: https://api.stripe.com/v1/customers
    body:
      encoding: UTF-8
      string: name=Apple+Customer&email=applecustomer%40example.com
    headers:
      User-Agent:
      - Stripe/v1 RubyBindings/15.5.0
      Authorization:
      - "<HIDDEN-AUTHORIZATION-HEADER>"
      X-Stripe-Client-Telemetry:
      - '{"last_request_metrics":{"request_id":"req_2swhX06zkE5Qps","request_duration_ms":330}}'
      Idempotency-Key:
      - 1ebe0347-6ce1-45c8-ab02-9b695b1b3e7a
      Stripe-Version:
      - 2025-08-27.basil
      X-Stripe-Client-User-Agent:
      - "<HIDDEN-STRIPE-USER-AGENT>"
      Content-Type:
      - application/x-www-form-urlencoded
      Accept-Encoding:
      - gzip;q=1.0,deflate;q=0.6,identity;q=0.3
      Accept:
      - "*/*"
  response:
    status:
      code: 200
      message: OK
    headers:
      Server:
      - nginx
      Date:
      - Wed, 10 Dec 2025 05:00:43 GMT
      Content-Type:
      - application/json
      Content-Length:
      - '677'
      Connection:
      - keep-alive
      Access-Control-Allow-Credentials:
      - 'true'
      Access-Control-Allow-Methods:
      - GET, HEAD, PUT, PATCH, POST, DELETE
      Access-Control-Allow-Origin:
      - "*"
      Access-Control-Expose-Headers:
      - Request-Id, Stripe-Manage-Version, Stripe-Should-Retry, X-Stripe-External-Auth-Required,
        X-Stripe-Privileged-Session-Required
      Access-Control-Max-Age:
      - '300'
      Cache-Control:
      - no-cache, no-store
      Content-Security-Policy:
      - base-uri 'none'; default-src 'none'; form-action 'none'; frame-ancestors 'none';
        img-src 'self'; script-src 'self' 'report-sample'; style-src 'self'; worker-src
        'none'; upgrade-insecure-requests; report-uri https://q.stripe.com/csp-violation?q=vn-kdYNC1s3hDiXRhhwC1XR0hBLmLcsdIMCRlo13rosJ4C3caLqD_POExMdYc1IhbElyv04kp1IcvLWm
      Idempotency-Key:
      - 1ebe0347-6ce1-45c8-ab02-9b695b1b3e7a
      Original-Request:
      - req_CtoQrzhdIxPCom
      Request-Id:
      - req_CtoQrzhdIxPCom
      Stripe-Should-Retry:
      - 'false'
      Stripe-Version:
      - 2025-08-27.basil
      Vary:
      - Origin
      X-Stripe-Priority-Routing-Enabled:
      - 'true'
      X-Stripe-Routing-Context-Priority-Tier:
      - api-testmode
      X-Wc:
      - ABGHIJ
      Strict-Transport-Security:
      - max-age=63072000; includeSubDomains; preload
    body:
      encoding: UTF-8
      string: |-
        {
          "id": "cus_TZpAGE32BXlf7M",
          "object": "customer",
          "address": null,
          "balance": 0,
          "created": 1765342843,
          "currency": null,
          "customer_account": null,
          "default_source": null,
          "delinquent": false,
          "description": null,
          "discount": null,
          "email": "applecustomer@example.com",
          "invoice_prefix": "SMC6X6XG",
          "invoice_settings": {
            "custom_fields": null,
            "default_payment_method": null,
            "footer": null,
            "rendering_options": null
          },
          "livemode": false,
          "metadata": {},
          "name": "Apple Customer",
          "next_invoice_sequence": 1,
          "phone": null,
          "preferred_locales": [],
          "shipping": null,
          "tax_exempt": "none",
          "test_clock": null
        }
  recorded_at: Wed, 10 Dec 2025 05:01:14 GMT
- request:
    method: post
    uri: https://api.stripe.com/v1/payment_intents
    body:
      encoding: UTF-8
      string: amount=100&currency=eur&payment_method=pm_card_mastercard_prepaid&payment_method_types[0]=card&capture_method=manual&customer=cus_TZpAGE32BXlf7M&setup_future_usage=off_session
    headers:
      User-Agent:
      - Stripe/v1 RubyBindings/15.5.0
      Authorization:
      - "<HIDDEN-AUTHORIZATION-HEADER>"
      X-Stripe-Client-Telemetry:
      - '{"last_request_metrics":{"request_id":"req_CtoQrzhdIxPCom","request_duration_ms":470}}'
      Idempotency-Key:
      - 76140d6c-1a58-4549-86fe-901359594e35
      Stripe-Version:
      - 2025-08-27.basil
      X-Stripe-Client-User-Agent:
      - "<HIDDEN-STRIPE-USER-AGENT>"
      Content-Type:
      - application/x-www-form-urlencoded
      Accept-Encoding:
      - gzip;q=1.0,deflate;q=0.6,identity;q=0.3
      Accept:
      - "*/*"
  response:
    status:
      code: 200
      message: OK
    headers:
      Server:
      - nginx
      Date:
      - Wed, 10 Dec 2025 05:00:43 GMT
      Content-Type:
      - application/json
      Content-Length:
      - '1418'
      Connection:
      - keep-alive
      Access-Control-Allow-Credentials:
      - 'true'
      Access-Control-Allow-Methods:
      - GET, HEAD, PUT, PATCH, POST, DELETE
      Access-Control-Allow-Origin:
      - "*"
      Access-Control-Expose-Headers:
      - Request-Id, Stripe-Manage-Version, Stripe-Should-Retry, X-Stripe-External-Auth-Required,
        X-Stripe-Privileged-Session-Required
      Access-Control-Max-Age:
      - '300'
      Cache-Control:
      - no-cache, no-store
      Content-Security-Policy:
      - base-uri 'none'; default-src 'none'; form-action 'none'; frame-ancestors 'none';
        img-src 'self'; script-src 'self' 'report-sample'; style-src 'self'; worker-src
        'none'; upgrade-insecure-requests; report-uri https://q.stripe.com/csp-violation?q=vn-kdYNC1s3hDiXRhhwC1XR0hBLmLcsdIMCRlo13rosJ4C3caLqD_POExMdYc1IhbElyv04kp1IcvLWm
      Idempotency-Key:
      - 76140d6c-1a58-4549-86fe-901359594e35
      Original-Request:
      - req_Erf9Is7ex7npJW
      Request-Id:
      - req_Erf9Is7ex7npJW
      Stripe-Should-Retry:
      - 'false'
      Stripe-Version:
      - 2025-08-27.basil
      Vary:
      - Origin
      X-Stripe-Priority-Routing-Enabled:
      - 'true'
      X-Stripe-Routing-Context-Priority-Tier:
      - api-testmode
      X-Wc:
      - ABGHIJ
      Strict-Transport-Security:
      - max-age=63072000; includeSubDomains; preload
    body:
      encoding: UTF-8
      string: |-
        {
          "id": "pi_3ScfW3KuuB1fWySn27Rg6Ade",
          "object": "payment_intent",
          "amount": 100,
          "amount_capturable": 0,
          "amount_details": {
            "tip": {}
          },
          "amount_received": 0,
          "application": null,
          "application_fee_amount": null,
          "automatic_payment_methods": null,
          "canceled_at": null,
          "cancellation_reason": null,
          "capture_method": "manual",
          "client_secret": "<HIDDEN-CLIENT-SECRET>",
          "confirmation_method": "automatic",
          "created": 1765342843,
          "currency": "eur",
          "customer": "cus_TZpAGE32BXlf7M",
          "customer_account": null,
          "description": null,
          "excluded_payment_method_types": null,
          "last_payment_error": null,
          "latest_charge": null,
          "livemode": false,
          "metadata": {},
          "next_action": null,
          "on_behalf_of": null,
          "payment_method": "pm_1ScfW3KuuB1fWySnsGLf5EES",
          "payment_method_configuration_details": null,
          "payment_method_options": {
            "card": {
              "installments": null,
              "mandate_options": null,
              "network": null,
              "request_three_d_secure": "automatic"
            }
          },
          "payment_method_types": [
            "card"
          ],
          "processing": null,
          "receipt_email": null,
          "review": null,
          "setup_future_usage": "off_session",
          "shipping": null,
          "source": null,
          "statement_descriptor": null,
          "statement_descriptor_suffix": null,
          "status": "requires_confirmation",
          "transfer_data": null,
          "transfer_group": null
        }
  recorded_at: Wed, 10 Dec 2025 05:01:14 GMT
- request:
    method: post
    uri: https://api.stripe.com/v1/payment_intents/pi_3ScfW3KuuB1fWySn27Rg6Ade/confirm
    body:
      encoding: US-ASCII
      string: ''
    headers:
      User-Agent:
      - Stripe/v1 RubyBindings/15.5.0
      Authorization:
      - "<HIDDEN-AUTHORIZATION-HEADER>"
      X-Stripe-Client-Telemetry:
      - '{"last_request_metrics":{"request_id":"req_Erf9Is7ex7npJW","request_duration_ms":446}}'
      Idempotency-Key:
      - 21ef0225-147b-44e5-bf89-76be22a9bf5b
      Stripe-Version:
      - 2025-08-27.basil
      X-Stripe-Client-User-Agent:
      - "<HIDDEN-STRIPE-USER-AGENT>"
      Content-Type:
      - application/x-www-form-urlencoded
      Accept-Encoding:
      - gzip;q=1.0,deflate;q=0.6,identity;q=0.3
      Accept:
      - "*/*"
  response:
    status:
      code: 200
      message: OK
    headers:
      Server:
      - nginx
      Date:
      - Wed, 10 Dec 2025 05:00:44 GMT
      Content-Type:
      - application/json
      Content-Length:
      - '1440'
      Connection:
      - keep-alive
      Access-Control-Allow-Credentials:
      - 'true'
      Access-Control-Allow-Methods:
      - GET, HEAD, PUT, PATCH, POST, DELETE
      Access-Control-Allow-Origin:
      - "*"
      Access-Control-Expose-Headers:
      - Request-Id, Stripe-Manage-Version, Stripe-Should-Retry, X-Stripe-External-Auth-Required,
        X-Stripe-Privileged-Session-Required
      Access-Control-Max-Age:
      - '300'
      Cache-Control:
      - no-cache, no-store
      Content-Security-Policy:
      - base-uri 'none'; default-src 'none'; form-action 'none'; frame-ancestors 'none';
        img-src 'self'; script-src 'self' 'report-sample'; style-src 'self'; worker-src
        'none'; upgrade-insecure-requests; report-uri https://q.stripe.com/csp-violation?q=vn-kdYNC1s3hDiXRhhwC1XR0hBLmLcsdIMCRlo13rosJ4C3caLqD_POExMdYc1IhbElyv04kp1IcvLWm
      Idempotency-Key:
      - 21ef0225-147b-44e5-bf89-76be22a9bf5b
      Original-Request:
      - req_5KqzDTGQ92f4Kd
      Request-Id:
      - req_5KqzDTGQ92f4Kd
      Stripe-Should-Retry:
      - 'false'
      Stripe-Version:
      - 2025-08-27.basil
      Vary:
      - Origin
      X-Stripe-Priority-Routing-Enabled:
      - 'true'
      X-Stripe-Routing-Context-Priority-Tier:
      - api-testmode
      X-Wc:
      - ABGHIJ
      Strict-Transport-Security:
      - max-age=63072000; includeSubDomains; preload
    body:
      encoding: UTF-8
      string: |-
        {
          "id": "pi_3ScfW3KuuB1fWySn27Rg6Ade",
          "object": "payment_intent",
          "amount": 100,
          "amount_capturable": 100,
          "amount_details": {
            "tip": {}
          },
          "amount_received": 0,
          "application": null,
          "application_fee_amount": null,
          "automatic_payment_methods": null,
          "canceled_at": null,
          "cancellation_reason": null,
          "capture_method": "manual",
          "client_secret": "<HIDDEN-CLIENT-SECRET>",
          "confirmation_method": "automatic",
          "created": 1765342843,
          "currency": "eur",
          "customer": "cus_TZpAGE32BXlf7M",
          "customer_account": null,
          "description": null,
          "excluded_payment_method_types": null,
          "last_payment_error": null,
          "latest_charge": "ch_3ScfW3KuuB1fWySn2eMPcoW2",
          "livemode": false,
          "metadata": {},
          "next_action": null,
          "on_behalf_of": null,
          "payment_method": "pm_1ScfW3KuuB1fWySnsGLf5EES",
          "payment_method_configuration_details": null,
          "payment_method_options": {
            "card": {
              "installments": null,
              "mandate_options": null,
              "network": null,
              "request_three_d_secure": "automatic"
            }
          },
          "payment_method_types": [
            "card"
          ],
          "processing": null,
          "receipt_email": null,
          "review": null,
          "setup_future_usage": "off_session",
          "shipping": null,
          "source": null,
          "statement_descriptor": null,
          "statement_descriptor_suffix": null,
          "status": "requires_capture",
          "transfer_data": null,
          "transfer_group": null
        }
  recorded_at: Wed, 10 Dec 2025 05:01:15 GMT
- request:
    method: get
    uri: https://api.stripe.com/v1/payment_intents/pi_3ScfW3KuuB1fWySn27Rg6Ade
    body:
      encoding: US-ASCII
      string: ''
    headers:
      User-Agent:
      - Stripe/v1 RubyBindings/15.5.0
      Authorization:
      - "<HIDDEN-AUTHORIZATION-HEADER>"
      X-Stripe-Client-Telemetry:
      - '{"last_request_metrics":{"request_id":"req_5KqzDTGQ92f4Kd","request_duration_ms":961}}'
      Stripe-Version:
      - 2025-08-27.basil
      X-Stripe-Client-User-Agent:
      - "<HIDDEN-STRIPE-USER-AGENT>"
      Accept-Encoding:
      - gzip;q=1.0,deflate;q=0.6,identity;q=0.3
      Accept:
      - "*/*"
  response:
    status:
      code: 200
      message: OK
    headers:
      Server:
      - nginx
      Date:
      - Wed, 10 Dec 2025 05:00:45 GMT
      Content-Type:
      - application/json
      Content-Length:
      - '1440'
      Connection:
      - keep-alive
      Access-Control-Allow-Credentials:
      - 'true'
      Access-Control-Allow-Methods:
      - GET, HEAD, PUT, PATCH, POST, DELETE
      Access-Control-Allow-Origin:
      - "*"
      Access-Control-Expose-Headers:
      - Request-Id, Stripe-Manage-Version, Stripe-Should-Retry, X-Stripe-External-Auth-Required,
        X-Stripe-Privileged-Session-Required
      Access-Control-Max-Age:
      - '300'
      Cache-Control:
      - no-cache, no-store
      Content-Security-Policy:
      - base-uri 'none'; default-src 'none'; form-action 'none'; frame-ancestors 'none';
        img-src 'self'; script-src 'self' 'report-sample'; style-src 'self'; worker-src
        'none'; upgrade-insecure-requests; report-uri https://q.stripe.com/csp-violation?q=vn-kdYNC1s3hDiXRhhwC1XR0hBLmLcsdIMCRlo13rosJ4C3caLqD_POExMdYc1IhbElyv04kp1IcvLWm
      Request-Id:
      - req_jxEVoGHa4DWL16
      Stripe-Version:
      - 2025-08-27.basil
      Vary:
      - Origin
      X-Stripe-Priority-Routing-Enabled:
      - 'true'
      X-Stripe-Routing-Context-Priority-Tier:
      - api-testmode
      X-Wc:
      - ABGHIJ
      Strict-Transport-Security:
      - max-age=63072000; includeSubDomains; preload
    body:
      encoding: UTF-8
      string: |-
        {
          "id": "pi_3ScfW3KuuB1fWySn27Rg6Ade",
          "object": "payment_intent",
          "amount": 100,
          "amount_capturable": 100,
          "amount_details": {
            "tip": {}
          },
          "amount_received": 0,
          "application": null,
          "application_fee_amount": null,
          "automatic_payment_methods": null,
          "canceled_at": null,
          "cancellation_reason": null,
          "capture_method": "manual",
          "client_secret": "<HIDDEN-CLIENT-SECRET>",
          "confirmation_method": "automatic",
          "created": 1765342843,
          "currency": "eur",
          "customer": "cus_TZpAGE32BXlf7M",
          "customer_account": null,
          "description": null,
          "excluded_payment_method_types": null,
          "last_payment_error": null,
          "latest_charge": "ch_3ScfW3KuuB1fWySn2eMPcoW2",
          "livemode": false,
          "metadata": {},
          "next_action": null,
          "on_behalf_of": null,
          "payment_method": "pm_1ScfW3KuuB1fWySnsGLf5EES",
          "payment_method_configuration_details": null,
          "payment_method_options": {
            "card": {
              "installments": null,
              "mandate_options": null,
              "network": null,
              "request_three_d_secure": "automatic"
            }
          },
          "payment_method_types": [
            "card"
          ],
          "processing": null,
          "receipt_email": null,
          "review": null,
          "setup_future_usage": "off_session",
          "shipping": null,
          "source": null,
          "statement_descriptor": null,
          "statement_descriptor_suffix": null,
          "status": "requires_capture",
          "transfer_data": null,
          "transfer_group": null
        }
  recorded_at: Wed, 10 Dec 2025 05:01:15 GMT
- request:
    method: post
    uri: https://api.stripe.com/v1/payment_intents/pi_3ScfW3KuuB1fWySn27Rg6Ade/capture
    body:
      encoding: US-ASCII
      string: ''
    headers:
      User-Agent:
      - Stripe/v1 RubyBindings/15.5.0
      Authorization:
      - "<HIDDEN-AUTHORIZATION-HEADER>"
      X-Stripe-Client-Telemetry:
      - '{"last_request_metrics":{"request_id":"req_jxEVoGHa4DWL16","request_duration_ms":323}}'
      Idempotency-Key:
      - 01b1c7d6-506e-46ca-a85f-2646cd4d76a4
      Stripe-Version:
      - 2025-08-27.basil
      X-Stripe-Client-User-Agent:
      - "<HIDDEN-STRIPE-USER-AGENT>"
      Content-Type:
      - application/x-www-form-urlencoded
      Accept-Encoding:
      - gzip;q=1.0,deflate;q=0.6,identity;q=0.3
      Accept:
      - "*/*"
  response:
    status:
      code: 200
      message: OK
    headers:
      Server:
      - nginx
      Date:
      - Wed, 10 Dec 2025 05:00:46 GMT
      Content-Type:
      - application/json
      Content-Length:
      - '1433'
      Connection:
      - keep-alive
      Access-Control-Allow-Credentials:
      - 'true'
      Access-Control-Allow-Methods:
      - GET, HEAD, PUT, PATCH, POST, DELETE
      Access-Control-Allow-Origin:
      - "*"
      Access-Control-Expose-Headers:
      - Request-Id, Stripe-Manage-Version, Stripe-Should-Retry, X-Stripe-External-Auth-Required,
        X-Stripe-Privileged-Session-Required
      Access-Control-Max-Age:
      - '300'
      Cache-Control:
      - no-cache, no-store
      Content-Security-Policy:
      - base-uri 'none'; default-src 'none'; form-action 'none'; frame-ancestors 'none';
        img-src 'self'; script-src 'self' 'report-sample'; style-src 'self'; worker-src
        'none'; upgrade-insecure-requests; report-uri https://q.stripe.com/csp-violation?q=vn-kdYNC1s3hDiXRhhwC1XR0hBLmLcsdIMCRlo13rosJ4C3caLqD_POExMdYc1IhbElyv04kp1IcvLWm
      Idempotency-Key:
      - 01b1c7d6-506e-46ca-a85f-2646cd4d76a4
      Original-Request:
      - req_ExBUzc4QfOBTQJ
      Request-Id:
      - req_ExBUzc4QfOBTQJ
      Stripe-Should-Retry:
      - 'false'
      Stripe-Version:
      - 2025-08-27.basil
      Vary:
      - Origin
      X-Stripe-Priority-Routing-Enabled:
      - 'true'
      X-Stripe-Routing-Context-Priority-Tier:
      - api-testmode
      X-Wc:
      - ABGHIJ
      Strict-Transport-Security:
      - max-age=63072000; includeSubDomains; preload
    body:
      encoding: UTF-8
      string: |-
        {
          "id": "pi_3ScfW3KuuB1fWySn27Rg6Ade",
          "object": "payment_intent",
          "amount": 100,
          "amount_capturable": 0,
          "amount_details": {
            "tip": {}
          },
          "amount_received": 100,
          "application": null,
          "application_fee_amount": null,
          "automatic_payment_methods": null,
          "canceled_at": null,
          "cancellation_reason": null,
          "capture_method": "manual",
          "client_secret": "<HIDDEN-CLIENT-SECRET>",
          "confirmation_method": "automatic",
          "created": 1765342843,
          "currency": "eur",
          "customer": "cus_TZpAGE32BXlf7M",
          "customer_account": null,
          "description": null,
          "excluded_payment_method_types": null,
          "last_payment_error": null,
          "latest_charge": "ch_3ScfW3KuuB1fWySn2eMPcoW2",
          "livemode": false,
          "metadata": {},
          "next_action": null,
          "on_behalf_of": null,
          "payment_method": "pm_1ScfW3KuuB1fWySnsGLf5EES",
          "payment_method_configuration_details": null,
          "payment_method_options": {
            "card": {
              "installments": null,
              "mandate_options": null,
              "network": null,
              "request_three_d_secure": "automatic"
            }
          },
          "payment_method_types": [
            "card"
          ],
          "processing": null,
          "receipt_email": null,
          "review": null,
          "setup_future_usage": "off_session",
          "shipping": null,
          "source": null,
          "statement_descriptor": null,
          "statement_descriptor_suffix": null,
          "status": "succeeded",
          "transfer_data": null,
          "transfer_group": null
        }
  recorded_at: Wed, 10 Dec 2025 05:01:17 GMT
- request:
    method: get
    uri: https://api.stripe.com/v1/payment_intents/pi_3ScfW3KuuB1fWySn27Rg6Ade
    body:
      encoding: US-ASCII
      string: ''
    headers:
      User-Agent:
      - Stripe/v1 RubyBindings/15.5.0
      Authorization:
      - "<HIDDEN-AUTHORIZATION-HEADER>"
      X-Stripe-Client-Telemetry:
      - '{"last_request_metrics":{"request_id":"req_ExBUzc4QfOBTQJ","request_duration_ms":1347}}'
      Stripe-Version:
      - 2025-08-27.basil
      X-Stripe-Client-User-Agent:
      - "<HIDDEN-STRIPE-USER-AGENT>"
      Accept-Encoding:
      - gzip;q=1.0,deflate;q=0.6,identity;q=0.3
      Accept:
      - "*/*"
  response:
    status:
      code: 200
      message: OK
    headers:
      Server:
      - nginx
      Date:
      - Wed, 10 Dec 2025 05:00:46 GMT
      Content-Type:
      - application/json
      Content-Length:
      - '1433'
      Connection:
      - keep-alive
      Access-Control-Allow-Credentials:
      - 'true'
      Access-Control-Allow-Methods:
      - GET, HEAD, PUT, PATCH, POST, DELETE
      Access-Control-Allow-Origin:
      - "*"
      Access-Control-Expose-Headers:
      - Request-Id, Stripe-Manage-Version, Stripe-Should-Retry, X-Stripe-External-Auth-Required,
        X-Stripe-Privileged-Session-Required
      Access-Control-Max-Age:
      - '300'
      Cache-Control:
      - no-cache, no-store
      Content-Security-Policy:
      - base-uri 'none'; default-src 'none'; form-action 'none'; frame-ancestors 'none';
        img-src 'self'; script-src 'self' 'report-sample'; style-src 'self'; worker-src
        'none'; upgrade-insecure-requests; report-uri https://q.stripe.com/csp-violation?q=vn-kdYNC1s3hDiXRhhwC1XR0hBLmLcsdIMCRlo13rosJ4C3caLqD_POExMdYc1IhbElyv04kp1IcvLWm
      Request-Id:
      - req_2WN48RMrUo5r8j
      Stripe-Version:
      - 2025-08-27.basil
      Vary:
      - Origin
      X-Stripe-Priority-Routing-Enabled:
      - 'true'
      X-Stripe-Routing-Context-Priority-Tier:
      - api-testmode
      X-Wc:
      - ABGHIJ
      Strict-Transport-Security:
      - max-age=63072000; includeSubDomains; preload
    body:
      encoding: UTF-8
      string: |-
        {
          "id": "pi_3ScfW3KuuB1fWySn27Rg6Ade",
          "object": "payment_intent",
          "amount": 100,
          "amount_capturable": 0,
          "amount_details": {
            "tip": {}
          },
          "amount_received": 100,
          "application": null,
          "application_fee_amount": null,
          "automatic_payment_methods": null,
          "canceled_at": null,
          "cancellation_reason": null,
          "capture_method": "manual",
          "client_secret": "<HIDDEN-CLIENT-SECRET>",
          "confirmation_method": "automatic",
          "created": 1765342843,
          "currency": "eur",
          "customer": "cus_TZpAGE32BXlf7M",
          "customer_account": null,
          "description": null,
          "excluded_payment_method_types": null,
          "last_payment_error": null,
          "latest_charge": "ch_3ScfW3KuuB1fWySn2eMPcoW2",
          "livemode": false,
          "metadata": {},
          "next_action": null,
          "on_behalf_of": null,
          "payment_method": "pm_1ScfW3KuuB1fWySnsGLf5EES",
          "payment_method_configuration_details": null,
          "payment_method_options": {
            "card": {
              "installments": null,
              "mandate_options": null,
              "network": null,
              "request_three_d_secure": "automatic"
            }
          },
          "payment_method_types": [
            "card"
          ],
          "processing": null,
          "receipt_email": null,
          "review": null,
          "setup_future_usage": "off_session",
          "shipping": null,
          "source": null,
          "statement_descriptor": null,
          "statement_descriptor_suffix": null,
          "status": "succeeded",
          "transfer_data": null,
          "transfer_group": null
        }
  recorded_at: Wed, 10 Dec 2025 05:01:17 GMT
recorded_with: VCR 6.2.0
