---
http_interactions:
- request:
    method: post
    uri: https://api.stripe.com/v1/customers
    body:
      encoding: UTF-8
      string: name=Apple+Customer&email=applecustomer%40example.com
    headers:
      User-Agent:
      - Stripe/v1 RubyBindings/15.5.0
      Authorization:
      - "<HIDDEN-AUTHORIZATION-HEADER>"
      X-Stripe-Client-Telemetry:
      - '{"last_request_metrics":{"request_id":"req_aNWvKRlNsNGO8U","request_duration_ms":2539}}'
      Idempotency-Key:
      - 86a40e86-5cd7-4d49-a71b-b84ade71140d
      Stripe-Version:
      - 2025-08-27.basil
      X-Stripe-Client-User-Agent:
      - "<HIDDEN-STRIPE-USER-AGENT>"
      Content-Type:
      - application/x-www-form-urlencoded
      Accept-Encoding:
      - gzip;q=1.0,deflate;q=0.6,identity;q=0.3
      Accept:
      - "*/*"
  response:
    status:
      code: 200
      message: OK
    headers:
      Server:
      - nginx
      Date:
      - Wed, 10 Dec 2025 04:59:04 GMT
      Content-Type:
      - application/json
      Content-Length:
      - '677'
      Connection:
      - keep-alive
      Access-Control-Allow-Credentials:
      - 'true'
      Access-Control-Allow-Methods:
      - GET, HEAD, PUT, PATCH, POST, DELETE
      Access-Control-Allow-Origin:
      - "*"
      Access-Control-Expose-Headers:
      - Request-Id, Stripe-Manage-Version, Stripe-Should-Retry, X-Stripe-External-Auth-Required,
        X-Stripe-Privileged-Session-Required
      Access-Control-Max-Age:
      - '300'
      Cache-Control:
      - no-cache, no-store
      Content-Security-Policy:
      - base-uri 'none'; default-src 'none'; form-action 'none'; frame-ancestors 'none';
        img-src 'self'; script-src 'self' 'report-sample'; style-src 'self'; worker-src
        'none'; upgrade-insecure-requests; report-uri https://q.stripe.com/csp-violation?q=vn-kdYNC1s3hDiXRhhwC1XR0hBLmLcsdIMCRlo13rosJ4C3caLqD_POExMdYc1IhbElyv04kp1IcvLWm
      Idempotency-Key:
      - 86a40e86-5cd7-4d49-a71b-b84ade71140d
      Original-Request:
      - req_gmJITuqhR15AwE
      Request-Id:
      - req_gmJITuqhR15AwE
      Stripe-Should-Retry:
      - 'false'
      Stripe-Version:
      - 2025-08-27.basil
      Vary:
      - Origin
      X-Stripe-Priority-Routing-Enabled:
      - 'true'
      X-Stripe-Routing-Context-Priority-Tier:
      - api-testmode
      X-Wc:
      - ABGHIJ
      Strict-Transport-Security:
      - max-age=63072000; includeSubDomains; preload
    body:
      encoding: UTF-8
      string: |-
        {
          "id": "cus_TZp8IzN7wBRAOc",
          "object": "customer",
          "address": null,
          "balance": 0,
          "created": 1765342744,
          "currency": null,
          "customer_account": null,
          "default_source": null,
          "delinquent": false,
          "description": null,
          "discount": null,
          "email": "applecustomer@example.com",
          "invoice_prefix": "VGDL2CCK",
          "invoice_settings": {
            "custom_fields": null,
            "default_payment_method": null,
            "footer": null,
            "rendering_options": null
          },
          "livemode": false,
          "metadata": {},
          "name": "Apple Customer",
          "next_invoice_sequence": 1,
          "phone": null,
          "preferred_locales": [],
          "shipping": null,
          "tax_exempt": "none",
          "test_clock": null
        }
  recorded_at: Wed, 10 Dec 2025 04:59:35 GMT
- request:
    method: post
    uri: https://api.stripe.com/v1/payment_methods/pm_card_visa/attach
    body:
      encoding: UTF-8
      string: customer=cus_TZp8IzN7wBRAOc
    headers:
      User-Agent:
      - Stripe/v1 RubyBindings/15.5.0
      Authorization:
      - "<HIDDEN-AUTHORIZATION-HEADER>"
      X-Stripe-Client-Telemetry:
      - '{"last_request_metrics":{"request_id":"req_gmJITuqhR15AwE","request_duration_ms":809}}'
      Idempotency-Key:
      - ceab64fc-beb1-4554-8579-4344778a17ed
      Stripe-Version:
      - 2025-08-27.basil
      X-Stripe-Client-User-Agent:
      - "<HIDDEN-STRIPE-USER-AGENT>"
      Content-Type:
      - application/x-www-form-urlencoded
      Accept-Encoding:
      - gzip;q=1.0,deflate;q=0.6,identity;q=0.3
      Accept:
      - "*/*"
  response:
    status:
      code: 200
      message: OK
    headers:
      Server:
      - nginx
      Date:
      - Wed, 10 Dec 2025 04:59:05 GMT
      Content-Type:
      - application/json
      Content-Length:
      - '1094'
      Connection:
      - keep-alive
      Access-Control-Allow-Credentials:
      - 'true'
      Access-Control-Allow-Methods:
      - GET, HEAD, PUT, PATCH, POST, DELETE
      Access-Control-Allow-Origin:
      - "*"
      Access-Control-Expose-Headers:
      - Request-Id, Stripe-Manage-Version, Stripe-Should-Retry, X-Stripe-External-Auth-Required,
        X-Stripe-Privileged-Session-Required
      Access-Control-Max-Age:
      - '300'
      Cache-Control:
      - no-cache, no-store
      Content-Security-Policy:
      - base-uri 'none'; default-src 'none'; form-action 'none'; frame-ancestors 'none';
        img-src 'self'; script-src 'self' 'report-sample'; style-src 'self'; worker-src
        'none'; upgrade-insecure-requests; report-uri https://q.stripe.com/csp-violation?q=vn-kdYNC1s3hDiXRhhwC1XR0hBLmLcsdIMCRlo13rosJ4C3caLqD_POExMdYc1IhbElyv04kp1IcvLWm
      Idempotency-Key:
      - ceab64fc-beb1-4554-8579-4344778a17ed
      Original-Request:
      - req_kIBgGuKZihV5DA
      Request-Id:
      - req_kIBgGuKZihV5DA
      Stripe-Should-Retry:
      - 'false'
      Stripe-Version:
      - 2025-08-27.basil
      Vary:
      - Origin
      X-Stripe-Priority-Routing-Enabled:
      - 'true'
      X-Stripe-Routing-Context-Priority-Tier:
      - api-testmode
      X-Wc:
      - ABGHIJ
      Strict-Transport-Security:
      - max-age=63072000; includeSubDomains; preload
    body:
      encoding: UTF-8
      string: |-
        {
          "id": "pm_1ScfUSKuuB1fWySngpD3qTKL",
          "object": "payment_method",
          "allow_redisplay": "unspecified",
          "billing_details": {
            "address": {
              "city": null,
              "country": null,
              "line1": null,
              "line2": null,
              "postal_code": null,
              "state": null
            },
            "email": null,
            "name": null,
            "phone": null,
            "tax_id": null
          },
          "card": {
            "brand": "visa",
            "checks": {
              "address_line1_check": null,
              "address_postal_code_check": null,
              "cvc_check": "pass"
            },
            "country": "US",
            "display_brand": "visa",
            "exp_month": 12,
            "exp_year": 2026,
            "fingerprint": "6E6tgVjx6U65iHFV",
            "funding": "credit",
            "generated_from": null,
            "last4": "4242",
            "networks": {
              "available": [
                "visa"
              ],
              "preferred": null
            },
            "regulated_status": "unregulated",
            "three_d_secure_usage": {
              "supported": true
            },
            "wallet": null
          },
          "created": 1765342744,
          "customer": "cus_TZp8IzN7wBRAOc",
          "customer_account": null,
          "livemode": false,
          "metadata": {},
          "type": "card"
        }
  recorded_at: Wed, 10 Dec 2025 04:59:35 GMT
- request:
    method: post
    uri: https://api.stripe.com/v1/accounts
    body:
      encoding: UTF-8
      string: type=standard&country=AU&email=apple.producer%40example.com
    headers:
      User-Agent:
      - Stripe/v1 RubyBindings/15.5.0
      Authorization:
      - "<HIDDEN-AUTHORIZATION-HEADER>"
      X-Stripe-Client-Telemetry:
      - '{"last_request_metrics":{"request_id":"req_kIBgGuKZihV5DA","request_duration_ms":664}}'
      Idempotency-Key:
      - bcad121a-1452-4434-a3f5-cb21ecc1cd93
      Stripe-Version:
      - 2025-08-27.basil
      X-Stripe-Client-User-Agent:
      - "<HIDDEN-STRIPE-USER-AGENT>"
      Content-Type:
      - application/x-www-form-urlencoded
      Accept-Encoding:
      - gzip;q=1.0,deflate;q=0.6,identity;q=0.3
      Accept:
      - "*/*"
  response:
    status:
      code: 200
      message: OK
    headers:
      Server:
      - nginx
      Date:
      - Wed, 10 Dec 2025 04:59:07 GMT
      Content-Type:
      - application/json
      Content-Length:
      - '3527'
      Connection:
      - keep-alive
      Access-Control-Allow-Credentials:
      - 'true'
      Access-Control-Allow-Methods:
      - GET, HEAD, PUT, PATCH, POST, DELETE
      Access-Control-Allow-Origin:
      - "*"
      Access-Control-Expose-Headers:
      - Request-Id, Stripe-Manage-Version, Stripe-Should-Retry, X-Stripe-External-Auth-Required,
        X-Stripe-Privileged-Session-Required
      Access-Control-Max-Age:
      - '300'
      Cache-Control:
      - no-cache, no-store
      Content-Security-Policy:
      - base-uri 'none'; default-src 'none'; form-action 'none'; frame-ancestors 'none';
        img-src 'self'; script-src 'self' 'report-sample'; style-src 'self'; worker-src
        'none'; upgrade-insecure-requests; report-uri https://q.stripe.com/csp-violation?q=vn-kdYNC1s3hDiXRhhwC1XR0hBLmLcsdIMCRlo13rosJ4C3caLqD_POExMdYc1IhbElyv04kp1IcvLWm
      Idempotency-Key:
      - bcad121a-1452-4434-a3f5-cb21ecc1cd93
      Original-Request:
      - req_SiJ9EGfdgLXAZS
      Request-Id:
      - req_SiJ9EGfdgLXAZS
      Stripe-Should-Retry:
      - 'false'
      Stripe-Version:
      - 2025-08-27.basil
      Vary:
      - Origin
      X-Stripe-Priority-Routing-Enabled:
      - 'true'
      X-Stripe-Routing-Context-Priority-Tier:
      - api-testmode
      X-Wc:
      - ABGHIJ
      Strict-Transport-Security:
      - max-age=63072000; includeSubDomains; preload
    body:
      encoding: UTF-8
      string: |-
        {
          "id": "acct_1ScfUTKMj4RncAf2",
          "object": "account",
          "business_profile": {
            "annual_revenue": null,
            "estimated_worker_count": null,
            "mcc": null,
            "minority_owned_business_designation": null,
            "name": null,
            "product_description": null,
            "specified_commercial_transactions_act_url": null,
            "support_address": null,
            "support_email": null,
            "support_phone": null,
            "support_url": null,
            "url": null
          },
          "business_type": null,
          "capabilities": {},
          "charges_enabled": false,
          "controller": {
            "fees": {
              "payer": "account"
            },
            "is_controller": true,
            "losses": {
              "payments": "stripe"
            },
            "requirement_collection": "stripe",
            "stripe_dashboard": {
              "type": "full"
            },
            "type": "application"
          },
          "country": "AU",
          "created": 1765342746,
          "default_currency": "aud",
          "details_submitted": false,
          "email": "apple.producer@example.com",
          "external_accounts": {
            "object": "list",
            "data": [],
            "has_more": false,
            "total_count": 0,
            "url": "/v1/accounts/acct_1ScfUTKMj4RncAf2/external_accounts"
          },
          "future_requirements": {
            "alternatives": [],
            "current_deadline": null,
            "currently_due": [],
            "disabled_reason": null,
            "errors": [],
            "eventually_due": [],
            "past_due": [],
            "pending_verification": []
          },
          "metadata": {},
          "payouts_enabled": false,
          "requirements": {
            "alternatives": [],
            "current_deadline": null,
            "currently_due": [
              "business_profile.product_description",
              "business_profile.support_phone",
              "business_profile.url",
              "external_account",
              "tos_acceptance.date",
              "tos_acceptance.ip"
            ],
            "disabled_reason": "requirements.past_due",
            "errors": [],
            "eventually_due": [
              "business_profile.product_description",
              "business_profile.support_phone",
              "business_profile.url",
              "external_account",
              "tos_acceptance.date",
              "tos_acceptance.ip"
            ],
            "past_due": [
              "business_profile.product_description",
              "business_profile.support_phone",
              "business_profile.url",
              "external_account",
              "tos_acceptance.date",
              "tos_acceptance.ip"
            ],
            "pending_verification": []
          },
          "settings": {
            "bacs_debit_payments": {
              "display_name": null,
              "service_user_number": null
            },
            "branding": {
              "icon": null,
              "logo": null,
              "primary_color": null,
              "secondary_color": null
            },
            "card_issuing": {
              "tos_acceptance": {
                "date": null,
                "ip": null
              }
            },
            "card_payments": {
              "decline_on": {
                "avs_failure": false,
                "cvc_failure": false
              },
              "statement_descriptor_prefix": null,
              "statement_descriptor_prefix_kana": null,
              "statement_descriptor_prefix_kanji": null
            },
            "dashboard": {
              "display_name": null,
              "timezone": "Etc/UTC"
            },
            "invoices": {
              "default_account_tax_ids": null,
              "hosted_payment_method_save": "offer"
            },
            "payments": {
              "statement_descriptor": null,
              "statement_descriptor_kana": null,
              "statement_descriptor_kanji": null
            },
            "payouts": {
              "debit_negative_balances": true,
              "schedule": {
                "delay_days": 2,
                "interval": "daily"
              },
              "statement_descriptor": null
            },
            "paypay_payments": {},
            "sepa_debit_payments": {}
          },
          "tos_acceptance": {
            "date": null,
            "ip": null,
            "user_agent": null
          },
          "type": "standard"
        }
  recorded_at: Wed, 10 Dec 2025 04:59:37 GMT
- request:
    method: delete
    uri: https://api.stripe.com/v1/accounts/acct_1ScfUTKMj4RncAf2
    body:
      encoding: US-ASCII
      string: ''
    headers:
      User-Agent:
      - Stripe/v1 RubyBindings/15.5.0
      Authorization:
      - "<HIDDEN-AUTHORIZATION-HEADER>"
      X-Stripe-Client-Telemetry:
      - '{"last_request_metrics":{"request_id":"req_SiJ9EGfdgLXAZS","request_duration_ms":2224}}'
      Idempotency-Key:
      - 67a20bcf-b409-49ff-9154-6a07c5f0f35b
      Stripe-Version:
      - 2025-08-27.basil
      X-Stripe-Client-User-Agent:
      - "<HIDDEN-STRIPE-USER-AGENT>"
      Accept-Encoding:
      - gzip;q=1.0,deflate;q=0.6,identity;q=0.3
      Accept:
      - "*/*"
  response:
    status:
      code: 200
      message: OK
    headers:
      Server:
      - nginx
      Date:
      - Wed, 10 Dec 2025 04:59:09 GMT
      Content-Type:
      - application/json
      Content-Length:
      - '77'
      Connection:
      - keep-alive
      Access-Control-Allow-Credentials:
      - 'true'
      Access-Control-Allow-Methods:
      - GET, HEAD, PUT, PATCH, POST, DELETE
      Access-Control-Allow-Origin:
      - "*"
      Access-Control-Expose-Headers:
      - Request-Id, Stripe-Manage-Version, Stripe-Should-Retry, X-Stripe-External-Auth-Required,
        X-Stripe-Privileged-Session-Required
      Access-Control-Max-Age:
      - '300'
      Cache-Control:
      - no-cache, no-store
      Content-Security-Policy:
      - base-uri 'none'; default-src 'none'; form-action 'none'; frame-ancestors 'none';
        img-src 'self'; script-src 'self' 'report-sample'; style-src 'self'; worker-src
        'none'; upgrade-insecure-requests; report-uri https://q.stripe.com/csp-violation?q=vn-kdYNC1s3hDiXRhhwC1XR0hBLmLcsdIMCRlo13rosJ4C3caLqD_POExMdYc1IhbElyv04kp1IcvLWm
      Idempotency-Key:
      - 67a20bcf-b409-49ff-9154-6a07c5f0f35b
      Request-Id:
      - req_6l3vaqHE1iKLRf
      Stripe-Account:
      - acct_1ScfUTKMj4RncAf2
      Stripe-Version:
      - 2025-08-27.basil
      Vary:
      - Origin
      X-Stripe-Priority-Routing-Enabled:
      - 'true'
      X-Stripe-Routing-Context-Priority-Tier:
      - api-testmode
      X-Wc:
      - ABGHIJ
      Strict-Transport-Security:
      - max-age=63072000; includeSubDomains; preload
    body:
      encoding: UTF-8
      string: |-
        {
          "id": "acct_1ScfUTKMj4RncAf2",
          "object": "account",
          "deleted": true
        }
  recorded_at: Wed, 10 Dec 2025 04:59:40 GMT
recorded_with: VCR 6.2.0
