---
http_interactions:
- request:
    method: post
    uri: https://api.stripe.com/v1/payment_intents
    body:
      encoding: UTF-8
      string: amount=100&currency=eur&payment_method=pm_card_mastercard_prepaid&payment_method_types[0]=card&capture_method=manual
    headers:
      User-Agent:
      - Stripe/v1 RubyBindings/13.5.1
      Authorization:
      - "<HIDDEN-AUTHORIZATION-HEADER>"
      X-Stripe-Client-Telemetry:
      - '{"last_request_metrics":{"request_id":"req_qEsolpKoUOl73Z","request_duration_ms":305}}'
      Idempotency-Key:
      - d5a1279e-5a5d-48fe-9d7e-4b1934d8b93c
      Stripe-Version:
      - 2025-02-24.acacia
      X-Stripe-Client-User-Agent:
      - "<HIDDEN-STRIPE-USER-AGENT>"
      Content-Type:
      - application/x-www-form-urlencoded
      Accept-Encoding:
      - gzip;q=1.0,deflate;q=0.6,identity;q=0.3
      Accept:
      - "*/*"
  response:
    status:
      code: 200
      message: OK
    headers:
      Server:
      - nginx
      Date:
      - Tue, 04 Nov 2025 15:34:08 GMT
      Content-Type:
      - application/json
      Content-Length:
      - '1384'
      Connection:
      - keep-alive
      Access-Control-Allow-Credentials:
      - 'true'
      Access-Control-Allow-Methods:
      - GET, HEAD, PUT, PATCH, POST, DELETE
      Access-Control-Allow-Origin:
      - "*"
      Access-Control-Expose-Headers:
      - Request-Id, Stripe-Manage-Version, Stripe-Should-Retry, X-Stripe-External-Auth-Required,
        X-Stripe-Privileged-Session-Required
      Access-Control-Max-Age:
      - '300'
      Cache-Control:
      - no-cache, no-store
      Content-Security-Policy:
      - base-uri 'none'; default-src 'none'; form-action 'none'; frame-ancestors 'none';
        img-src 'self'; script-src 'self' 'report-sample'; style-src 'self'; worker-src
        'none'; upgrade-insecure-requests; report-uri https://q.stripe.com/csp-violation?q=PipMrzRrvrSRrNDfiOV0m2AtWY4Xu21mxN7JK1oUGCIORFYtUb4u8aLv3S_orn3P3e7yWHdWanefB4Y2
      Idempotency-Key:
      - d5a1279e-5a5d-48fe-9d7e-4b1934d8b93c
      Original-Request:
      - req_AStFGKOF4KKL8V
      Request-Id:
      - req_AStFGKOF4KKL8V
      Stripe-Should-Retry:
      - 'false'
      Stripe-Version:
      - 2025-02-24.acacia
      Vary:
      - Origin
      X-Stripe-Priority-Routing-Enabled:
      - 'true'
      X-Stripe-Routing-Context-Priority-Tier:
      - api-testmode
      X-Wc:
      - ABGHIJ
      Strict-Transport-Security:
      - max-age=63072000; includeSubDomains; preload
    body:
      encoding: UTF-8
      string: |-
        {
          "id": "pi_3SPmFIKuuB1fWySn0KfkTHi7",
          "object": "payment_intent",
          "amount": 100,
          "amount_capturable": 0,
          "amount_details": {
            "tip": {}
          },
          "amount_received": 0,
          "application": null,
          "application_fee_amount": null,
          "automatic_payment_methods": null,
          "canceled_at": null,
          "cancellation_reason": null,
          "capture_method": "manual",
          "client_secret": "<HIDDEN-CLIENT-SECRET>",
          "confirmation_method": "automatic",
          "created": 1762270448,
          "currency": "eur",
          "customer": null,
          "description": null,
          "excluded_payment_method_types": null,
          "invoice": null,
          "last_payment_error": null,
          "latest_charge": null,
          "livemode": false,
          "metadata": {},
          "next_action": null,
          "on_behalf_of": null,
          "payment_method": "pm_1SPmFHKuuB1fWySnJAb8YuiA",
          "payment_method_configuration_details": null,
          "payment_method_options": {
            "card": {
              "installments": null,
              "mandate_options": null,
              "network": null,
              "request_three_d_secure": "automatic"
            }
          },
          "payment_method_types": [
            "card"
          ],
          "processing": null,
          "receipt_email": null,
          "review": null,
          "setup_future_usage": null,
          "shipping": null,
          "source": null,
          "statement_descriptor": null,
          "statement_descriptor_suffix": null,
          "status": "requires_confirmation",
          "transfer_data": null,
          "transfer_group": null
        }
  recorded_at: Tue, 04 Nov 2025 15:34:08 GMT
- request:
    method: post
    uri: https://api.stripe.com/v1/payment_intents/pi_3SPmFIKuuB1fWySn0KfkTHi7/confirm
    body:
      encoding: US-ASCII
      string: ''
    headers:
      User-Agent:
      - Stripe/v1 RubyBindings/13.5.1
      Authorization:
      - "<HIDDEN-AUTHORIZATION-HEADER>"
      X-Stripe-Client-Telemetry:
      - '{"last_request_metrics":{"request_id":"req_AStFGKOF4KKL8V","request_duration_ms":440}}'
      Idempotency-Key:
      - 8a81ea83-96b4-49b9-8435-0ba4ba54db32
      Stripe-Version:
      - 2025-02-24.acacia
      X-Stripe-Client-User-Agent:
      - "<HIDDEN-STRIPE-USER-AGENT>"
      Content-Type:
      - application/x-www-form-urlencoded
      Accept-Encoding:
      - gzip;q=1.0,deflate;q=0.6,identity;q=0.3
      Accept:
      - "*/*"
  response:
    status:
      code: 200
      message: OK
    headers:
      Server:
      - nginx
      Date:
      - Tue, 04 Nov 2025 15:34:08 GMT
      Content-Type:
      - application/json
      Content-Length:
      - '1406'
      Connection:
      - keep-alive
      Access-Control-Allow-Credentials:
      - 'true'
      Access-Control-Allow-Methods:
      - GET, HEAD, PUT, PATCH, POST, DELETE
      Access-Control-Allow-Origin:
      - "*"
      Access-Control-Expose-Headers:
      - Request-Id, Stripe-Manage-Version, Stripe-Should-Retry, X-Stripe-External-Auth-Required,
        X-Stripe-Privileged-Session-Required
      Access-Control-Max-Age:
      - '300'
      Cache-Control:
      - no-cache, no-store
      Content-Security-Policy:
      - base-uri 'none'; default-src 'none'; form-action 'none'; frame-ancestors 'none';
        img-src 'self'; script-src 'self' 'report-sample'; style-src 'self'; worker-src
        'none'; upgrade-insecure-requests; report-uri https://q.stripe.com/csp-violation?q=PipMrzRrvrSRrNDfiOV0m2AtWY4Xu21mxN7JK1oUGCIORFYtUb4u8aLv3S_orn3P3e7yWHdWanefB4Y2
      Idempotency-Key:
      - 8a81ea83-96b4-49b9-8435-0ba4ba54db32
      Original-Request:
      - req_Sxz8xmGYyDMHhz
      Request-Id:
      - req_Sxz8xmGYyDMHhz
      Stripe-Should-Retry:
      - 'false'
      Stripe-Version:
      - 2025-02-24.acacia
      Vary:
      - Origin
      X-Stripe-Priority-Routing-Enabled:
      - 'true'
      X-Stripe-Routing-Context-Priority-Tier:
      - api-testmode
      X-Wc:
      - ABGHIJ
      Strict-Transport-Security:
      - max-age=63072000; includeSubDomains; preload
    body:
      encoding: UTF-8
      string: |-
        {
          "id": "pi_3SPmFIKuuB1fWySn0KfkTHi7",
          "object": "payment_intent",
          "amount": 100,
          "amount_capturable": 100,
          "amount_details": {
            "tip": {}
          },
          "amount_received": 0,
          "application": null,
          "application_fee_amount": null,
          "automatic_payment_methods": null,
          "canceled_at": null,
          "cancellation_reason": null,
          "capture_method": "manual",
          "client_secret": "<HIDDEN-CLIENT-SECRET>",
          "confirmation_method": "automatic",
          "created": 1762270448,
          "currency": "eur",
          "customer": null,
          "description": null,
          "excluded_payment_method_types": null,
          "invoice": null,
          "last_payment_error": null,
          "latest_charge": "ch_3SPmFIKuuB1fWySn0ShjfVvB",
          "livemode": false,
          "metadata": {},
          "next_action": null,
          "on_behalf_of": null,
          "payment_method": "pm_1SPmFHKuuB1fWySnJAb8YuiA",
          "payment_method_configuration_details": null,
          "payment_method_options": {
            "card": {
              "installments": null,
              "mandate_options": null,
              "network": null,
              "request_three_d_secure": "automatic"
            }
          },
          "payment_method_types": [
            "card"
          ],
          "processing": null,
          "receipt_email": null,
          "review": null,
          "setup_future_usage": null,
          "shipping": null,
          "source": null,
          "statement_descriptor": null,
          "statement_descriptor_suffix": null,
          "status": "requires_capture",
          "transfer_data": null,
          "transfer_group": null
        }
  recorded_at: Tue, 04 Nov 2025 15:34:09 GMT
- request:
    method: get
    uri: https://api.stripe.com/v1/payment_intents/pi_3SPmFIKuuB1fWySn0KfkTHi7
    body:
      encoding: US-ASCII
      string: ''
    headers:
      User-Agent:
      - Stripe/v1 RubyBindings/13.5.1
      Authorization:
      - "<HIDDEN-AUTHORIZATION-HEADER>"
      X-Stripe-Client-Telemetry:
      - '{"last_request_metrics":{"request_id":"req_Sxz8xmGYyDMHhz","request_duration_ms":816}}'
      Stripe-Version:
      - 2025-02-24.acacia
      X-Stripe-Client-User-Agent:
      - "<HIDDEN-STRIPE-USER-AGENT>"
      Accept-Encoding:
      - gzip;q=1.0,deflate;q=0.6,identity;q=0.3
      Accept:
      - "*/*"
  response:
    status:
      code: 200
      message: OK
    headers:
      Server:
      - nginx
      Date:
      - Tue, 04 Nov 2025 15:34:09 GMT
      Content-Type:
      - application/json
      Content-Length:
      - '1406'
      Connection:
      - keep-alive
      Access-Control-Allow-Credentials:
      - 'true'
      Access-Control-Allow-Methods:
      - GET, HEAD, PUT, PATCH, POST, DELETE
      Access-Control-Allow-Origin:
      - "*"
      Access-Control-Expose-Headers:
      - Request-Id, Stripe-Manage-Version, Stripe-Should-Retry, X-Stripe-External-Auth-Required,
        X-Stripe-Privileged-Session-Required
      Access-Control-Max-Age:
      - '300'
      Cache-Control:
      - no-cache, no-store
      Content-Security-Policy:
      - base-uri 'none'; default-src 'none'; form-action 'none'; frame-ancestors 'none';
        img-src 'self'; script-src 'self' 'report-sample'; style-src 'self'; worker-src
        'none'; upgrade-insecure-requests; report-uri https://q.stripe.com/csp-violation?q=PipMrzRrvrSRrNDfiOV0m2AtWY4Xu21mxN7JK1oUGCIORFYtUb4u8aLv3S_orn3P3e7yWHdWanefB4Y2
      Request-Id:
      - req_RLjBrgKwgtbe2Q
      Stripe-Version:
      - 2025-02-24.acacia
      Vary:
      - Origin
      X-Stripe-Priority-Routing-Enabled:
      - 'true'
      X-Stripe-Routing-Context-Priority-Tier:
      - api-testmode
      X-Wc:
      - ABGHIJ
      Strict-Transport-Security:
      - max-age=63072000; includeSubDomains; preload
    body:
      encoding: UTF-8
      string: |-
        {
          "id": "pi_3SPmFIKuuB1fWySn0KfkTHi7",
          "object": "payment_intent",
          "amount": 100,
          "amount_capturable": 100,
          "amount_details": {
            "tip": {}
          },
          "amount_received": 0,
          "application": null,
          "application_fee_amount": null,
          "automatic_payment_methods": null,
          "canceled_at": null,
          "cancellation_reason": null,
          "capture_method": "manual",
          "client_secret": "<HIDDEN-CLIENT-SECRET>",
          "confirmation_method": "automatic",
          "created": 1762270448,
          "currency": "eur",
          "customer": null,
          "description": null,
          "excluded_payment_method_types": null,
          "invoice": null,
          "last_payment_error": null,
          "latest_charge": "ch_3SPmFIKuuB1fWySn0ShjfVvB",
          "livemode": false,
          "metadata": {},
          "next_action": null,
          "on_behalf_of": null,
          "payment_method": "pm_1SPmFHKuuB1fWySnJAb8YuiA",
          "payment_method_configuration_details": null,
          "payment_method_options": {
            "card": {
              "installments": null,
              "mandate_options": null,
              "network": null,
              "request_three_d_secure": "automatic"
            }
          },
          "payment_method_types": [
            "card"
          ],
          "processing": null,
          "receipt_email": null,
          "review": null,
          "setup_future_usage": null,
          "shipping": null,
          "source": null,
          "statement_descriptor": null,
          "statement_descriptor_suffix": null,
          "status": "requires_capture",
          "transfer_data": null,
          "transfer_group": null
        }
  recorded_at: Tue, 04 Nov 2025 15:34:09 GMT
recorded_with: VCR 6.2.0
