---
http_interactions:
- request:
    method: post
    uri: https://api.stripe.com/v1/payment_methods
    body:
      encoding: UTF-8
      string: type=card&card[number]=4242424242424242&card[exp_month]=8&card[exp_year]=2026&card[cvc]=314
    headers:
      User-Agent:
      - Stripe/v1 RubyBindings/15.5.0
      Authorization:
      - "<HIDDEN-AUTHORIZATION-HEADER>"
      X-Stripe-Client-Telemetry:
      - '{"last_request_metrics":{"request_id":"req_x3LhhVKjRWnE0c","request_duration_ms":279}}'
      Idempotency-Key:
      - 8c5d8bff-7805-4836-9237-e881b11709e8
      Stripe-Version:
      - 2025-08-27.basil
      X-Stripe-Client-User-Agent:
      - "<HIDDEN-STRIPE-USER-AGENT>"
      Content-Type:
      - application/x-www-form-urlencoded
      Accept-Encoding:
      - gzip;q=1.0,deflate;q=0.6,identity;q=0.3
      Accept:
      - "*/*"
  response:
    status:
      code: 200
      message: OK
    headers:
      Server:
      - nginx
      Date:
      - Wed, 10 Dec 2025 04:58:42 GMT
      Content-Type:
      - application/json
      Content-Length:
      - '1082'
      Connection:
      - keep-alive
      Access-Control-Allow-Credentials:
      - 'true'
      Access-Control-Allow-Methods:
      - GET, HEAD, PUT, PATCH, POST, DELETE
      Access-Control-Allow-Origin:
      - "*"
      Access-Control-Expose-Headers:
      - Request-Id, Stripe-Manage-Version, Stripe-Should-Retry, X-Stripe-External-Auth-Required,
        X-Stripe-Privileged-Session-Required
      Access-Control-Max-Age:
      - '300'
      Cache-Control:
      - no-cache, no-store
      Content-Security-Policy:
      - base-uri 'none'; default-src 'none'; form-action 'none'; frame-ancestors 'none';
        img-src 'self'; script-src 'self' 'report-sample'; style-src 'self'; worker-src
        'none'; upgrade-insecure-requests; report-uri https://q.stripe.com/csp-violation?q=vn-kdYNC1s3hDiXRhhwC1XR0hBLmLcsdIMCRlo13rosJ4C3caLqD_POExMdYc1IhbElyv04kp1IcvLWm
      Idempotency-Key:
      - 8c5d8bff-7805-4836-9237-e881b11709e8
      Original-Request:
      - req_NznA71uvOSp3OE
      Request-Id:
      - req_NznA71uvOSp3OE
      Stripe-Should-Retry:
      - 'false'
      Stripe-Version:
      - 2025-08-27.basil
      Vary:
      - Origin
      X-Stripe-Priority-Routing-Enabled:
      - 'true'
      X-Stripe-Routing-Context-Priority-Tier:
      - api-testmode
      X-Wc:
      - ABGHIJ
      Strict-Transport-Security:
      - max-age=63072000; includeSubDomains; preload
    body:
      encoding: UTF-8
      string: |-
        {
          "id": "pm_1ScfU6KuuB1fWySnRNDiFKNH",
          "object": "payment_method",
          "allow_redisplay": "unspecified",
          "billing_details": {
            "address": {
              "city": null,
              "country": null,
              "line1": null,
              "line2": null,
              "postal_code": null,
              "state": null
            },
            "email": null,
            "name": null,
            "phone": null,
            "tax_id": null
          },
          "card": {
            "brand": "visa",
            "checks": {
              "address_line1_check": null,
              "address_postal_code_check": null,
              "cvc_check": "unchecked"
            },
            "country": "US",
            "display_brand": "visa",
            "exp_month": 8,
            "exp_year": 2026,
            "fingerprint": "6E6tgVjx6U65iHFV",
            "funding": "credit",
            "generated_from": null,
            "last4": "4242",
            "networks": {
              "available": [
                "visa"
              ],
              "preferred": null
            },
            "regulated_status": "unregulated",
            "three_d_secure_usage": {
              "supported": true
            },
            "wallet": null
          },
          "created": 1765342722,
          "customer": null,
          "customer_account": null,
          "livemode": false,
          "metadata": {},
          "type": "card"
        }
  recorded_at: Wed, 10 Dec 2025 04:59:13 GMT
- request:
    method: post
    uri: https://api.stripe.com/v1/accounts
    body:
      encoding: UTF-8
      string: type=standard&country=AU&email=apple.producer%40example.com
    headers:
      User-Agent:
      - Stripe/v1 RubyBindings/15.5.0
      Authorization:
      - "<HIDDEN-AUTHORIZATION-HEADER>"
      X-Stripe-Client-Telemetry:
      - '{"last_request_metrics":{"request_id":"req_NznA71uvOSp3OE","request_duration_ms":385}}'
      Idempotency-Key:
      - 8d0bb527-6302-47a6-ace4-8ba115d0971b
      Stripe-Version:
      - 2025-08-27.basil
      X-Stripe-Client-User-Agent:
      - "<HIDDEN-STRIPE-USER-AGENT>"
      Content-Type:
      - application/x-www-form-urlencoded
      Accept-Encoding:
      - gzip;q=1.0,deflate;q=0.6,identity;q=0.3
      Accept:
      - "*/*"
  response:
    status:
      code: 200
      message: OK
    headers:
      Server:
      - nginx
      Date:
      - Wed, 10 Dec 2025 04:58:45 GMT
      Content-Type:
      - application/json
      Content-Length:
      - '3527'
      Connection:
      - keep-alive
      Access-Control-Allow-Credentials:
      - 'true'
      Access-Control-Allow-Methods:
      - GET, HEAD, PUT, PATCH, POST, DELETE
      Access-Control-Allow-Origin:
      - "*"
      Access-Control-Expose-Headers:
      - Request-Id, Stripe-Manage-Version, Stripe-Should-Retry, X-Stripe-External-Auth-Required,
        X-Stripe-Privileged-Session-Required
      Access-Control-Max-Age:
      - '300'
      Cache-Control:
      - no-cache, no-store
      Content-Security-Policy:
      - base-uri 'none'; default-src 'none'; form-action 'none'; frame-ancestors 'none';
        img-src 'self'; script-src 'self' 'report-sample'; style-src 'self'; worker-src
        'none'; upgrade-insecure-requests; report-uri https://q.stripe.com/csp-violation?q=vn-kdYNC1s3hDiXRhhwC1XR0hBLmLcsdIMCRlo13rosJ4C3caLqD_POExMdYc1IhbElyv04kp1IcvLWm
      Idempotency-Key:
      - 8d0bb527-6302-47a6-ace4-8ba115d0971b
      Original-Request:
      - req_WReInVbT5HfGsE
      Request-Id:
      - req_WReInVbT5HfGsE
      Stripe-Should-Retry:
      - 'false'
      Stripe-Version:
      - 2025-08-27.basil
      Vary:
      - Origin
      X-Stripe-Priority-Routing-Enabled:
      - 'true'
      X-Stripe-Routing-Context-Priority-Tier:
      - api-testmode
      X-Wc:
      - ABGHIJ
      Strict-Transport-Security:
      - max-age=63072000; includeSubDomains; preload
    body:
      encoding: UTF-8
      string: |-
        {
          "id": "acct_1ScfU644wybHTt1i",
          "object": "account",
          "business_profile": {
            "annual_revenue": null,
            "estimated_worker_count": null,
            "mcc": null,
            "minority_owned_business_designation": null,
            "name": null,
            "product_description": null,
            "specified_commercial_transactions_act_url": null,
            "support_address": null,
            "support_email": null,
            "support_phone": null,
            "support_url": null,
            "url": null
          },
          "business_type": null,
          "capabilities": {},
          "charges_enabled": false,
          "controller": {
            "fees": {
              "payer": "account"
            },
            "is_controller": true,
            "losses": {
              "payments": "stripe"
            },
            "requirement_collection": "stripe",
            "stripe_dashboard": {
              "type": "full"
            },
            "type": "application"
          },
          "country": "AU",
          "created": 1765342724,
          "default_currency": "aud",
          "details_submitted": false,
          "email": "apple.producer@example.com",
          "external_accounts": {
            "object": "list",
            "data": [],
            "has_more": false,
            "total_count": 0,
            "url": "/v1/accounts/acct_1ScfU644wybHTt1i/external_accounts"
          },
          "future_requirements": {
            "alternatives": [],
            "current_deadline": null,
            "currently_due": [],
            "disabled_reason": null,
            "errors": [],
            "eventually_due": [],
            "past_due": [],
            "pending_verification": []
          },
          "metadata": {},
          "payouts_enabled": false,
          "requirements": {
            "alternatives": [],
            "current_deadline": null,
            "currently_due": [
              "business_profile.product_description",
              "business_profile.support_phone",
              "business_profile.url",
              "external_account",
              "tos_acceptance.date",
              "tos_acceptance.ip"
            ],
            "disabled_reason": "requirements.past_due",
            "errors": [],
            "eventually_due": [
              "business_profile.product_description",
              "business_profile.support_phone",
              "business_profile.url",
              "external_account",
              "tos_acceptance.date",
              "tos_acceptance.ip"
            ],
            "past_due": [
              "business_profile.product_description",
              "business_profile.support_phone",
              "business_profile.url",
              "external_account",
              "tos_acceptance.date",
              "tos_acceptance.ip"
            ],
            "pending_verification": []
          },
          "settings": {
            "bacs_debit_payments": {
              "display_name": null,
              "service_user_number": null
            },
            "branding": {
              "icon": null,
              "logo": null,
              "primary_color": null,
              "secondary_color": null
            },
            "card_issuing": {
              "tos_acceptance": {
                "date": null,
                "ip": null
              }
            },
            "card_payments": {
              "decline_on": {
                "avs_failure": false,
                "cvc_failure": false
              },
              "statement_descriptor_prefix": null,
              "statement_descriptor_prefix_kana": null,
              "statement_descriptor_prefix_kanji": null
            },
            "dashboard": {
              "display_name": null,
              "timezone": "Etc/UTC"
            },
            "invoices": {
              "default_account_tax_ids": null,
              "hosted_payment_method_save": "offer"
            },
            "payments": {
              "statement_descriptor": null,
              "statement_descriptor_kana": null,
              "statement_descriptor_kanji": null
            },
            "payouts": {
              "debit_negative_balances": true,
              "schedule": {
                "delay_days": 2,
                "interval": "daily"
              },
              "statement_descriptor": null
            },
            "paypay_payments": {},
            "sepa_debit_payments": {}
          },
          "tos_acceptance": {
            "date": null,
            "ip": null,
            "user_agent": null
          },
          "type": "standard"
        }
  recorded_at: Wed, 10 Dec 2025 04:59:15 GMT
- request:
    method: get
    uri: https://api.stripe.com/v1/payment_methods/pm_1ScfU6KuuB1fWySnRNDiFKNH
    body:
      encoding: US-ASCII
      string: ''
    headers:
      User-Agent:
      - Stripe/v1 RubyBindings/15.5.0
      Authorization:
      - "<HIDDEN-AUTHORIZATION-HEADER>"
      X-Stripe-Client-Telemetry:
      - '{"last_request_metrics":{"request_id":"req_WReInVbT5HfGsE","request_duration_ms":2335}}'
      Stripe-Version:
      - 2025-08-27.basil
      X-Stripe-Client-User-Agent:
      - "<HIDDEN-STRIPE-USER-AGENT>"
      Accept-Encoding:
      - gzip;q=1.0,deflate;q=0.6,identity;q=0.3
      Accept:
      - "*/*"
  response:
    status:
      code: 200
      message: OK
    headers:
      Server:
      - nginx
      Date:
      - Wed, 10 Dec 2025 04:58:45 GMT
      Content-Type:
      - application/json
      Content-Length:
      - '1082'
      Connection:
      - keep-alive
      Access-Control-Allow-Credentials:
      - 'true'
      Access-Control-Allow-Methods:
      - GET, HEAD, PUT, PATCH, POST, DELETE
      Access-Control-Allow-Origin:
      - "*"
      Access-Control-Expose-Headers:
      - Request-Id, Stripe-Manage-Version, Stripe-Should-Retry, X-Stripe-External-Auth-Required,
        X-Stripe-Privileged-Session-Required
      Access-Control-Max-Age:
      - '300'
      Cache-Control:
      - no-cache, no-store
      Content-Security-Policy:
      - base-uri 'none'; default-src 'none'; form-action 'none'; frame-ancestors 'none';
        img-src 'self'; script-src 'self' 'report-sample'; style-src 'self'; worker-src
        'none'; upgrade-insecure-requests; report-uri https://q.stripe.com/csp-violation?q=vn-kdYNC1s3hDiXRhhwC1XR0hBLmLcsdIMCRlo13rosJ4C3caLqD_POExMdYc1IhbElyv04kp1IcvLWm
      Request-Id:
      - req_bCwG9SxjUiCPFH
      Stripe-Version:
      - 2025-08-27.basil
      Vary:
      - Origin
      X-Stripe-Priority-Routing-Enabled:
      - 'true'
      X-Stripe-Routing-Context-Priority-Tier:
      - api-testmode
      X-Wc:
      - ABGHIJ
      Strict-Transport-Security:
      - max-age=63072000; includeSubDomains; preload
    body:
      encoding: UTF-8
      string: |-
        {
          "id": "pm_1ScfU6KuuB1fWySnRNDiFKNH",
          "object": "payment_method",
          "allow_redisplay": "unspecified",
          "billing_details": {
            "address": {
              "city": null,
              "country": null,
              "line1": null,
              "line2": null,
              "postal_code": null,
              "state": null
            },
            "email": null,
            "name": null,
            "phone": null,
            "tax_id": null
          },
          "card": {
            "brand": "visa",
            "checks": {
              "address_line1_check": null,
              "address_postal_code_check": null,
              "cvc_check": "unchecked"
            },
            "country": "US",
            "display_brand": "visa",
            "exp_month": 8,
            "exp_year": 2026,
            "fingerprint": "6E6tgVjx6U65iHFV",
            "funding": "credit",
            "generated_from": null,
            "last4": "4242",
            "networks": {
              "available": [
                "visa"
              ],
              "preferred": null
            },
            "regulated_status": "unregulated",
            "three_d_secure_usage": {
              "supported": true
            },
            "wallet": null
          },
          "created": 1765342722,
          "customer": null,
          "customer_account": null,
          "livemode": false,
          "metadata": {},
          "type": "card"
        }
  recorded_at: Wed, 10 Dec 2025 04:59:15 GMT
- request:
    method: get
    uri: https://api.stripe.com/v1/customers?email=apple.customer@example.com&limit=100
    body:
      encoding: US-ASCII
      string: ''
    headers:
      User-Agent:
      - Stripe/v1 RubyBindings/15.5.0
      Authorization:
      - "<HIDDEN-AUTHORIZATION-HEADER>"
      X-Stripe-Client-Telemetry:
      - '{"last_request_metrics":{"request_id":"req_bCwG9SxjUiCPFH","request_duration_ms":292}}'
      Stripe-Version:
      - 2025-08-27.basil
      Stripe-Account:
      - acct_1ScfU644wybHTt1i
      X-Stripe-Client-User-Agent:
      - "<HIDDEN-STRIPE-USER-AGENT>"
      Accept-Encoding:
      - gzip;q=1.0,deflate;q=0.6,identity;q=0.3
      Accept:
      - "*/*"
  response:
    status:
      code: 200
      message: OK
    headers:
      Server:
      - nginx
      Date:
      - Wed, 10 Dec 2025 04:58:45 GMT
      Content-Type:
      - application/json
      Content-Length:
      - '83'
      Connection:
      - keep-alive
      Access-Control-Allow-Credentials:
      - 'true'
      Access-Control-Allow-Methods:
      - GET, HEAD, PUT, PATCH, POST, DELETE
      Access-Control-Allow-Origin:
      - "*"
      Access-Control-Expose-Headers:
      - Request-Id, Stripe-Manage-Version, Stripe-Should-Retry, X-Stripe-External-Auth-Required,
        X-Stripe-Privileged-Session-Required
      Access-Control-Max-Age:
      - '300'
      Cache-Control:
      - no-cache, no-store
      Content-Security-Policy:
      - base-uri 'none'; default-src 'none'; form-action 'none'; frame-ancestors 'none';
        img-src 'self'; script-src 'self' 'report-sample'; style-src 'self'; worker-src
        'none'; upgrade-insecure-requests; report-uri https://q.stripe.com/csp-violation?q=vn-kdYNC1s3hDiXRhhwC1XR0hBLmLcsdIMCRlo13rosJ4C3caLqD_POExMdYc1IhbElyv04kp1IcvLWm
      Request-Id:
      - req_1vd50ZJVml9o49
      Stripe-Account:
      - acct_1ScfU644wybHTt1i
      Stripe-Version:
      - 2025-08-27.basil
      Vary:
      - Origin
      X-Stripe-Priority-Routing-Enabled:
      - 'true'
      X-Stripe-Routing-Context-Priority-Tier:
      - api-testmode
      X-Wc:
      - ABGHIJ
      Strict-Transport-Security:
      - max-age=63072000; includeSubDomains; preload
    body:
      encoding: UTF-8
      string: |-
        {
          "object": "list",
          "data": [],
          "has_more": false,
          "url": "/v1/customers"
        }
  recorded_at: Wed, 10 Dec 2025 04:59:16 GMT
- request:
    method: post
    uri: https://api.stripe.com/v1/payment_methods
    body:
      encoding: UTF-8
      string: payment_method=pm_1ScfU6KuuB1fWySnRNDiFKNH
    headers:
      User-Agent:
      - Stripe/v1 RubyBindings/15.5.0
      Authorization:
      - "<HIDDEN-AUTHORIZATION-HEADER>"
      X-Stripe-Client-Telemetry:
      - '{"last_request_metrics":{"request_id":"req_1vd50ZJVml9o49","request_duration_ms":288}}'
      Idempotency-Key:
      - 85ef268e-ca9d-4030-a52a-f3bc44d55aac
      Stripe-Version:
      - 2025-08-27.basil
      Stripe-Account:
      - acct_1ScfU644wybHTt1i
      X-Stripe-Client-User-Agent:
      - "<HIDDEN-STRIPE-USER-AGENT>"
      Content-Type:
      - application/x-www-form-urlencoded
      Accept-Encoding:
      - gzip;q=1.0,deflate;q=0.6,identity;q=0.3
      Accept:
      - "*/*"
  response:
    status:
      code: 200
      message: OK
    headers:
      Server:
      - nginx
      Date:
      - Wed, 10 Dec 2025 04:58:46 GMT
      Content-Type:
      - application/json
      Content-Length:
      - '1082'
      Connection:
      - keep-alive
      Access-Control-Allow-Credentials:
      - 'true'
      Access-Control-Allow-Methods:
      - GET, HEAD, PUT, PATCH, POST, DELETE
      Access-Control-Allow-Origin:
      - "*"
      Access-Control-Expose-Headers:
      - Request-Id, Stripe-Manage-Version, Stripe-Should-Retry, X-Stripe-External-Auth-Required,
        X-Stripe-Privileged-Session-Required
      Access-Control-Max-Age:
      - '300'
      Cache-Control:
      - no-cache, no-store
      Content-Security-Policy:
      - base-uri 'none'; default-src 'none'; form-action 'none'; frame-ancestors 'none';
        img-src 'self'; script-src 'self' 'report-sample'; style-src 'self'; worker-src
        'none'; upgrade-insecure-requests; report-uri https://q.stripe.com/csp-violation?q=vn-kdYNC1s3hDiXRhhwC1XR0hBLmLcsdIMCRlo13rosJ4C3caLqD_POExMdYc1IhbElyv04kp1IcvLWm
      Idempotency-Key:
      - 85ef268e-ca9d-4030-a52a-f3bc44d55aac
      Original-Request:
      - req_btvAOYY3aaZ8Ac
      Request-Id:
      - req_btvAOYY3aaZ8Ac
      Stripe-Account:
      - acct_1ScfU644wybHTt1i
      Stripe-Should-Retry:
      - 'false'
      Stripe-Version:
      - 2025-08-27.basil
      Vary:
      - Origin
      X-Stripe-Priority-Routing-Enabled:
      - 'true'
      X-Stripe-Routing-Context-Priority-Tier:
      - api-testmode
      X-Wc:
      - ABGHIJ
      Strict-Transport-Security:
      - max-age=63072000; includeSubDomains; preload
    body:
      encoding: UTF-8
      string: |-
        {
          "id": "pm_1ScfU944wybHTt1iwkttcLki",
          "object": "payment_method",
          "allow_redisplay": "unspecified",
          "billing_details": {
            "address": {
              "city": null,
              "country": null,
              "line1": null,
              "line2": null,
              "postal_code": null,
              "state": null
            },
            "email": null,
            "name": null,
            "phone": null,
            "tax_id": null
          },
          "card": {
            "brand": "visa",
            "checks": {
              "address_line1_check": null,
              "address_postal_code_check": null,
              "cvc_check": "unchecked"
            },
            "country": "US",
            "display_brand": "visa",
            "exp_month": 8,
            "exp_year": 2026,
            "fingerprint": "6E6tgVjx6U65iHFV",
            "funding": "credit",
            "generated_from": null,
            "last4": "4242",
            "networks": {
              "available": [
                "visa"
              ],
              "preferred": null
            },
            "regulated_status": "unregulated",
            "three_d_secure_usage": {
              "supported": true
            },
            "wallet": null
          },
          "created": 1765342725,
          "customer": null,
          "customer_account": null,
          "livemode": false,
          "metadata": {},
          "type": "card"
        }
  recorded_at: Wed, 10 Dec 2025 04:59:16 GMT
- request:
    method: delete
    uri: https://api.stripe.com/v1/accounts/acct_1ScfU644wybHTt1i
    body:
      encoding: US-ASCII
      string: ''
    headers:
      User-Agent:
      - Stripe/v1 RubyBindings/15.5.0
      Authorization:
      - "<HIDDEN-AUTHORIZATION-HEADER>"
      X-Stripe-Client-Telemetry:
      - '{"last_request_metrics":{"request_id":"req_btvAOYY3aaZ8Ac","request_duration_ms":408}}'
      Idempotency-Key:
      - 6c73e64a-225a-451c-93ff-0312d58990cf
      Stripe-Version:
      - 2025-08-27.basil
      X-Stripe-Client-User-Agent:
      - "<HIDDEN-STRIPE-USER-AGENT>"
      Accept-Encoding:
      - gzip;q=1.0,deflate;q=0.6,identity;q=0.3
      Accept:
      - "*/*"
  response:
    status:
      code: 200
      message: OK
    headers:
      Server:
      - nginx
      Date:
      - Wed, 10 Dec 2025 04:58:48 GMT
      Content-Type:
      - application/json
      Content-Length:
      - '77'
      Connection:
      - keep-alive
      Access-Control-Allow-Credentials:
      - 'true'
      Access-Control-Allow-Methods:
      - GET, HEAD, PUT, PATCH, POST, DELETE
      Access-Control-Allow-Origin:
      - "*"
      Access-Control-Expose-Headers:
      - Request-Id, Stripe-Manage-Version, Stripe-Should-Retry, X-Stripe-External-Auth-Required,
        X-Stripe-Privileged-Session-Required
      Access-Control-Max-Age:
      - '300'
      Cache-Control:
      - no-cache, no-store
      Content-Security-Policy:
      - base-uri 'none'; default-src 'none'; form-action 'none'; frame-ancestors 'none';
        img-src 'self'; script-src 'self' 'report-sample'; style-src 'self'; worker-src
        'none'; upgrade-insecure-requests; report-uri https://q.stripe.com/csp-violation?q=vn-kdYNC1s3hDiXRhhwC1XR0hBLmLcsdIMCRlo13rosJ4C3caLqD_POExMdYc1IhbElyv04kp1IcvLWm
      Idempotency-Key:
      - 6c73e64a-225a-451c-93ff-0312d58990cf
      Request-Id:
      - req_C031zUQJI8ddZQ
      Stripe-Account:
      - acct_1ScfU644wybHTt1i
      Stripe-Version:
      - 2025-08-27.basil
      Vary:
      - Origin
      X-Stripe-Priority-Routing-Enabled:
      - 'true'
      X-Stripe-Routing-Context-Priority-Tier:
      - api-testmode
      X-Wc:
      - ABGHIJ
      Strict-Transport-Security:
      - max-age=63072000; includeSubDomains; preload
    body:
      encoding: UTF-8
      string: |-
        {
          "id": "acct_1ScfU644wybHTt1i",
          "object": "account",
          "deleted": true
        }
  recorded_at: Wed, 10 Dec 2025 04:59:19 GMT
recorded_with: VCR 6.2.0
